Archive member included to satisfy reference by file (symbol)

C:/ST/STM32CubeIDE_1.13.1/STM32CubeIDE/plugins/com.st.stm32cube.ide.mcu.externaltools.gnu-tools-for-stm32.11.3.rel1.win32_1.1.0.202305231506/tools/bin/../lib/gcc/arm-none-eabi/11.3.1/../../../../arm-none-eabi/lib/thumb/v7e-m/nofp\libc_nano.a(libc_a-exit.o)
                              C:/ST/STM32CubeIDE_1.13.1/STM32CubeIDE/plugins/com.st.stm32cube.ide.mcu.externaltools.gnu-tools-for-stm32.11.3.rel1.win32_1.1.0.202305231506/tools/bin/../lib/gcc/arm-none-eabi/11.3.1/../../../../arm-none-eabi/lib/thumb/v7e-m/nofp/crt0.o (exit)
C:/ST/STM32CubeIDE_1.13.1/STM32CubeIDE/plugins/com.st.stm32cube.ide.mcu.externaltools.gnu-tools-for-stm32.11.3.rel1.win32_1.1.0.202305231506/tools/bin/../lib/gcc/arm-none-eabi/11.3.1/../../../../arm-none-eabi/lib/thumb/v7e-m/nofp\libc_nano.a(libc_a-findfp.o)
                              C:/ST/STM32CubeIDE_1.13.1/STM32CubeIDE/plugins/com.st.stm32cube.ide.mcu.externaltools.gnu-tools-for-stm32.11.3.rel1.win32_1.1.0.202305231506/tools/bin/../lib/gcc/arm-none-eabi/11.3.1/../../../../arm-none-eabi/lib/thumb/v7e-m/nofp\libc_nano.a(libc_a-exit.o) (__stdio_exit_handler)
C:/ST/STM32CubeIDE_1.13.1/STM32CubeIDE/plugins/com.st.stm32cube.ide.mcu.externaltools.gnu-tools-for-stm32.11.3.rel1.win32_1.1.0.202305231506/tools/bin/../lib/gcc/arm-none-eabi/11.3.1/../../../../arm-none-eabi/lib/thumb/v7e-m/nofp\libc_nano.a(libc_a-fwalk.o)
                              C:/ST/STM32CubeIDE_1.13.1/STM32CubeIDE/plugins/com.st.stm32cube.ide.mcu.externaltools.gnu-tools-for-stm32.11.3.rel1.win32_1.1.0.202305231506/tools/bin/../lib/gcc/arm-none-eabi/11.3.1/../../../../arm-none-eabi/lib/thumb/v7e-m/nofp\libc_nano.a(libc_a-findfp.o) (_fwalk_sglue)
C:/ST/STM32CubeIDE_1.13.1/STM32CubeIDE/plugins/com.st.stm32cube.ide.mcu.externaltools.gnu-tools-for-stm32.11.3.rel1.win32_1.1.0.202305231506/tools/bin/../lib/gcc/arm-none-eabi/11.3.1/../../../../arm-none-eabi/lib/thumb/v7e-m/nofp\libc_nano.a(libc_a-stdio.o)
                              C:/ST/STM32CubeIDE_1.13.1/STM32CubeIDE/plugins/com.st.stm32cube.ide.mcu.externaltools.gnu-tools-for-stm32.11.3.rel1.win32_1.1.0.202305231506/tools/bin/../lib/gcc/arm-none-eabi/11.3.1/../../../../arm-none-eabi/lib/thumb/v7e-m/nofp\libc_nano.a(libc_a-findfp.o) (__sread)
C:/ST/STM32CubeIDE_1.13.1/STM32CubeIDE/plugins/com.st.stm32cube.ide.mcu.externaltools.gnu-tools-for-stm32.11.3.rel1.win32_1.1.0.202305231506/tools/bin/../lib/gcc/arm-none-eabi/11.3.1/../../../../arm-none-eabi/lib/thumb/v7e-m/nofp\libc_nano.a(libc_a-memset.o)
                              C:/ST/STM32CubeIDE_1.13.1/STM32CubeIDE/plugins/com.st.stm32cube.ide.mcu.externaltools.gnu-tools-for-stm32.11.3.rel1.win32_1.1.0.202305231506/tools/bin/../lib/gcc/arm-none-eabi/11.3.1/../../../../arm-none-eabi/lib/thumb/v7e-m/nofp/crt0.o (memset)
C:/ST/STM32CubeIDE_1.13.1/STM32CubeIDE/plugins/com.st.stm32cube.ide.mcu.externaltools.gnu-tools-for-stm32.11.3.rel1.win32_1.1.0.202305231506/tools/bin/../lib/gcc/arm-none-eabi/11.3.1/../../../../arm-none-eabi/lib/thumb/v7e-m/nofp\libc_nano.a(libc_a-closer.o)
                              C:/ST/STM32CubeIDE_1.13.1/STM32CubeIDE/plugins/com.st.stm32cube.ide.mcu.externaltools.gnu-tools-for-stm32.11.3.rel1.win32_1.1.0.202305231506/tools/bin/../lib/gcc/arm-none-eabi/11.3.1/../../../../arm-none-eabi/lib/thumb/v7e-m/nofp\libc_nano.a(libc_a-stdio.o) (_close_r)
C:/ST/STM32CubeIDE_1.13.1/STM32CubeIDE/plugins/com.st.stm32cube.ide.mcu.externaltools.gnu-tools-for-stm32.11.3.rel1.win32_1.1.0.202305231506/tools/bin/../lib/gcc/arm-none-eabi/11.3.1/../../../../arm-none-eabi/lib/thumb/v7e-m/nofp\libc_nano.a(libc_a-reent.o)
                              C:/ST/STM32CubeIDE_1.13.1/STM32CubeIDE/plugins/com.st.stm32cube.ide.mcu.externaltools.gnu-tools-for-stm32.11.3.rel1.win32_1.1.0.202305231506/tools/bin/../lib/gcc/arm-none-eabi/11.3.1/../../../../arm-none-eabi/lib/thumb/v7e-m/nofp\libc_nano.a(libc_a-closer.o) (errno)
C:/ST/STM32CubeIDE_1.13.1/STM32CubeIDE/plugins/com.st.stm32cube.ide.mcu.externaltools.gnu-tools-for-stm32.11.3.rel1.win32_1.1.0.202305231506/tools/bin/../lib/gcc/arm-none-eabi/11.3.1/../../../../arm-none-eabi/lib/thumb/v7e-m/nofp\libc_nano.a(libc_a-impure.o)
                              C:/ST/STM32CubeIDE_1.13.1/STM32CubeIDE/plugins/com.st.stm32cube.ide.mcu.externaltools.gnu-tools-for-stm32.11.3.rel1.win32_1.1.0.202305231506/tools/bin/../lib/gcc/arm-none-eabi/11.3.1/../../../../arm-none-eabi/lib/thumb/v7e-m/nofp\libc_nano.a(libc_a-reent.o) (_impure_ptr)
C:/ST/STM32CubeIDE_1.13.1/STM32CubeIDE/plugins/com.st.stm32cube.ide.mcu.externaltools.gnu-tools-for-stm32.11.3.rel1.win32_1.1.0.202305231506/tools/bin/../lib/gcc/arm-none-eabi/11.3.1/../../../../arm-none-eabi/lib/thumb/v7e-m/nofp\libc_nano.a(libc_a-lseekr.o)
[...]
Memory Configuration

Name             Origin             Length             Attributes
RAM1             0x0000000020000000 0x0000000000004000 xrw
RAM2             0x0000000020008000 0x0000000000008000 xrw
FLASH            0x0000000008000000 0x0000000000020000 xr
*default*        0x0000000000000000 0xffffffffffffffff

Linker script and memory map

LOAD C:/ST/STM32CubeIDE_1.13.1/STM32CubeIDE/plugins/com.st.stm32cube.ide.mcu.externaltools.gnu-tools-for-stm32.11.3.rel1.win32_1.1.0.202305231506/tools/bin/../lib/gcc/arm-none-eabi/11.3.1/thumb/v7e-m/nofp/crti.o
LOAD C:/ST/STM32CubeIDE_1.13.1/STM32CubeIDE/plugins/com.st.stm32cube.ide.mcu.externaltools.gnu-tools-for-stm32.11.3.rel1.win32_1.1.0.202305231506/tools/bin/../lib/gcc/arm-none-eabi/11.3.1/thumb/v7e-m/nofp/crtbegin.o
LOAD C:/ST/STM32CubeIDE_1.13.1/STM32CubeIDE/plugins/com.st.stm32cube.ide.mcu.externaltools.gnu-tools-for-stm32.11.3.rel1.win32_1.1.0.202305231506/tools/bin/../lib/gcc/arm-none-eabi/11.3.1/../../../../arm-none-eabi/lib/thumb/v7e-m/nofp/crt0.o
LOAD ./Core/Src/main.o
LOAD ./Core/Src/stm32_adv_trace_if.o
LOAD ./Core/Src/stm32_lpm_if.o
LOAD ./Core/Src/stm32wlxx_hal_msp.o
LOAD ./Core/Src/stm32wlxx_it.o
LOAD ./Core/Src/sys_app.o
LOAD ./Core/Src/syscalls.o
LOAD ./Core/Src/sysmem.o
LOAD ./Core/Src/system_stm32wlxx.o
LOAD ./Core/Src/timer_if.o
LOAD ./Core/Startup/startup_stm32wle5cbux.o
LOAD ./Drivers/STM32WLxx_HAL_Driver/Src/stm32wlxx_hal.o
LOAD ./Drivers/STM32WLxx_HAL_Driver/Src/stm32wlxx_hal_cortex.o
LOAD ./Drivers/STM32WLxx_HAL_Driver/Src/stm32wlxx_hal_dma.o
LOAD ./Drivers/STM32WLxx_HAL_Driver/Src/stm32wlxx_hal_dma_ex.o
LOAD ./Drivers/STM32WLxx_HAL_Driver/Src/stm32wlxx_hal_exti.o
LOAD ./Drivers/STM32WLxx_HAL_Driver/Src/stm32wlxx_hal_flash.o
LOAD ./Drivers/STM32WLxx_HAL_Driver/Src/stm32wlxx_hal_flash_ex.o
LOAD ./Drivers/STM32WLxx_HAL_Driver/Src/stm32wlxx_hal_gpio.o
LOAD ./Drivers/STM32WLxx_HAL_Driver/Src/stm32wlxx_hal_pwr.o
LOAD ./Drivers/STM32WLxx_HAL_Driver/Src/stm32wlxx_hal_pwr_ex.o
LOAD ./Drivers/STM32WLxx_HAL_Driver/Src/stm32wlxx_hal_rcc.o
LOAD ./Drivers/STM32WLxx_HAL_Driver/Src/stm32wlxx_hal_rcc_ex.o
LOAD ./Drivers/STM32WLxx_HAL_Driver/Src/stm32wlxx_hal_subghz.o
LOAD ./Middlewares/Third_Party/SubGHz_Phy/stm32_radio_driver/lr_fhss_mac.o
LOAD ./Middlewares/Third_Party/SubGHz_Phy/stm32_radio_driver/radio.o
LOAD ./Middlewares/Third_Party/SubGHz_Phy/stm32_radio_driver/radio_driver.o
LOAD ./Middlewares/Third_Party/SubGHz_Phy/stm32_radio_driver/radio_fw.o
LOAD ./Middlewares/Third_Party/SubGHz_Phy/stm32_radio_driver/wl_lr_fhss.o
LOAD ./SubGHz_Phy/App/app_subghz_phy.o
LOAD ./SubGHz_Phy/App/subghz_phy_app.o
LOAD ./SubGHz_Phy/Target/radio_board_if.o
LOAD ./Utilities/lpm/tiny_lpm/stm32_lpm.o
LOAD ./Utilities/misc/stm32_mem.o
LOAD ./Utilities/misc/stm32_systime.o
LOAD ./Utilities/misc/stm32_tiny_sscanf.o
LOAD ./Utilities/misc/stm32_tiny_vsnprintf.o
LOAD ./Utilities/sequencer/stm32_seq.o
LOAD ./Utilities/timer/stm32_timer.o
LOAD ./Utilities/trace/adv_trace/stm32_adv_trace.o
START GROUP
LOAD C:/ST/STM32CubeIDE_1.13.1/STM32CubeIDE/plugins/com.st.stm32cube.ide.mcu.externaltools.gnu-tools-for-stm32.11.3.rel1.win32_1.1.0.202305231506/tools/bin/../lib/gcc/arm-none-eabi/11.3.1/../../../../arm-none-eabi/lib/thumb/v7e-m/nofp\libc_nano.a
LOAD C:/ST/STM32CubeIDE_1.13.1/STM32CubeIDE/plugins/com.st.stm32cube.ide.mcu.externaltools.gnu-tools-for-stm32.11.3.rel1.win32_1.1.0.202305231506/tools/bin/../lib/gcc/arm-none-eabi/11.3.1/../../../../arm-none-eabi/lib/thumb/v7e-m/nofp\libm.a
END GROUP
START GROUP
LOAD C:/ST/STM32CubeIDE_1.13.1/STM32CubeIDE/plugins/com.st.stm32cube.ide.mcu.externaltools.gnu-tools-for-stm32.11.3.rel1.win32_1.1.0.202305231506/tools/bin/../lib/gcc/arm-none-eabi/11.3.1/thumb/v7e-m/nofp\libgcc.a
LOAD C:/ST/STM32CubeIDE_1.13.1/STM32CubeIDE/plugins/com.st.stm32cube.ide.mcu.externaltools.gnu-tools-for-stm32.11.3.rel1.win32_1.1.0.202305231506/tools/bin/../lib/gcc/arm-none-eabi/11.3.1/../../../../arm-none-eabi/lib/thumb/v7e-m/nofp\libc_nano.a
END GROUP
START GROUP
LOAD C:/ST/STM32CubeIDE_1.13.1/STM32CubeIDE/plugins/com.st.stm32cube.ide.mcu.externaltools.gnu-tools-for-stm32.11.3.rel1.win32_1.1.0.202305231506/tools/bin/../lib/gcc/arm-none-eabi/11.3.1/thumb/v7e-m/nofp\libgcc.a
LOAD C:/ST/STM32CubeIDE_1.13.1/STM32CubeIDE/plugins/com.st.stm32cube.ide.mcu.externaltools.gnu-tools-for-stm32.11.3.rel1.win32_1.1.0.202305231506/tools/bin/../lib/gcc/arm-none-eabi/11.3.1/../../../../arm-none-eabi/lib/thumb/v7e-m/nofp\libc_nano.a
LOAD C:/ST/STM32CubeIDE_1.13.1/STM32CubeIDE/plugins/com.st.stm32cube.ide.mcu.externaltools.gnu-tools-for-stm32.11.3.rel1.win32_1.1.0.202305231506/tools/bin/../lib/gcc/arm-none-eabi/11.3.1/../../../../arm-none-eabi/lib/thumb/v7e-m/nofp\libnosys.a
END GROUP
START GROUP
LOAD C:/ST/STM32CubeIDE_1.13.1/STM32CubeIDE/plugins/com.st.stm32cube.ide.mcu.externaltools.gnu-tools-for-stm32.11.3.rel1.win32_1.1.0.202305231506/tools/bin/../lib/gcc/arm-none-eabi/11.3.1/thumb/v7e-m/nofp\libgcc.a
LOAD C:/ST/STM32CubeIDE_1.13.1/STM32CubeIDE/plugins/com.st.stm32cube.ide.mcu.externaltools.gnu-tools-for-stm32.11.3.rel1.win32_1.1.0.202305231506/tools/bin/../lib/gcc/arm-none-eabi/11.3.1/../../../../arm-none-eabi/lib/thumb/v7e-m/nofp\libc_nano.a
LOAD C:/ST/STM32CubeIDE_1.13.1/STM32CubeIDE/plugins/com.st.stm32cube.ide.mcu.externaltools.gnu-tools-for-stm32.11.3.rel1.win32_1.1.0.202305231506/tools/bin/../lib/gcc/arm-none-eabi/11.3.1/../../../../arm-none-eabi/lib/thumb/v7e-m/nofp\libnosys.a
END GROUP
LOAD C:/ST/STM32CubeIDE_1.13.1/STM32CubeIDE/plugins/com.st.stm32cube.ide.mcu.externaltools.gnu-tools-for-stm32.11.3.rel1.win32_1.1.0.202305231506/tools/bin/../lib/gcc/arm-none-eabi/11.3.1/thumb/v7e-m/nofp/crtend.o
LOAD C:/ST/STM32CubeIDE_1.13.1/STM32CubeIDE/plugins/com.st.stm32cube.ide.mcu.externaltools.gnu-tools-for-stm32.11.3.rel1.win32_1.1.0.202305231506/tools/bin/../lib/gcc/arm-none-eabi/11.3.1/thumb/v7e-m/nofp/crtn.o
                0x0000000020004000                _estack = (ORIGIN (RAM1) + LENGTH (RAM1))
                0x0000000000000200                _Min_Heap_Size = 0x200
                0x0000000000000400                _Min_Stack_Size = 0x400

.isr_vector     0x0000000008000000      0x138
                0x0000000008000000                . = ALIGN (0x4)
 *(.isr_vector)
 .isr_vector    0x0000000008000000      0x138 ./Core/Startup/startup_stm32wle5cbux.o
                0x0000000008000000                g_pfnVectors
                0x0000000008000138                . = ALIGN (0x4)

.text           0x0000000008000138     0x5f6c
                0x0000000008000138                . = ALIGN (0x4)
 *(.text)
 .text          0x0000000008000138       0x40 C:/ST/STM32CubeIDE_1.13.1/STM32CubeIDE/plugins/com.st.stm32cube.ide.mcu.externaltools.gnu-tools-for-stm32.11.3.rel1.win32_1.1.0.202305231506/tools/bin/../lib/gcc/arm-none-eabi/11.3.1/thumb/v7e-m/nofp/crtbegin.o
 .text          0x0000000008000178       0x30 C:/ST/STM32CubeIDE_1.13.1/STM32CubeIDE/plugins/com.st.stm32cube.ide.mcu.externaltools.gnu-tools-for-stm32.11.3.rel1.win32_1.1.0.202305231506/tools/bin/../lib/gcc/arm-none-eabi/11.3.1/thumb/v7e-m/nofp\libgcc.a(_aeabi_uldivmod.o)
                0x0000000008000178                __aeabi_uldivmod
 .text          0x00000000080001a8      0x2c8 C:/ST/STM32CubeIDE_1.13.1/STM32CubeIDE/plugins/com.st.stm32cube.ide.mcu.externaltools.gnu-tools-for-stm32.11.3.rel1.win32_1.1.0.202305231506/tools/bin/../lib/gcc/arm-none-eabi/11.3.1/thumb/v7e-m/nofp\libgcc.a(_udivmoddi4.o)
                0x00000000080001a8                __udivmoddi4
 .text          0x0000000008000470        0x4 C:/ST/STM32CubeIDE_1.13.1/STM32CubeIDE/plugins/com.st.stm32cube.ide.mcu.externaltools.gnu-tools-for-stm32.11.3.rel1.win32_1.1.0.202305231506/tools/bin/../lib/gcc/arm-none-eabi/11.3.1/thumb/v7e-m/nofp\libgcc.a(_dvmd_tls.o)
                0x0000000008000470                __aeabi_idiv0
                0x0000000008000470                __aeabi_ldiv0
 *(.text*)
 .text.LL_AHB2_GRP1_EnableClock
                0x0000000008000474       0x30 ./Core/Src/main.o
 .text.LED_on   0x00000000080004a4       0x16 ./Core/Src/main.o
                0x00000000080004a4                LED_on
 .text.LED_off  0x00000000080004ba       0x16 ./Core/Src/main.o
                0x00000000080004ba                LED_off
 .text.main     0x00000000080004d0       0x32 ./Core/Src/main.o
                0x00000000080004d0                main
 *fill*         0x0000000008000502        0x2 
 .text.SystemClock_Config
                0x0000000008000504       0xa4 ./Core/Src/main.o
                0x0000000008000504                SystemClock_Config
 .text.MX_SUBGHZ_Init
                0x00000000080005a8       0x24 ./Core/Src/main.o
                0x00000000080005a8                MX_SUBGHZ_Init
 .text.MX_GPIO_Init
                0x00000000080005cc       0x4e ./Core/Src/main.o
 .text.Error_Handler
                0x000000000800061a        0xa ./Core/Src/main.o
                0x000000000800061a                Error_Handler
 .text.LL_APB3_GRP1_EnableClock
                0x0000000008000624       0x30 ./Core/Src/stm32wlxx_hal_msp.o
 .text.HAL_MspInit
                0x0000000008000654        0xc ./Core/Src/stm32wlxx_hal_msp.o
                0x0000000008000654                HAL_MspInit
 .text.HAL_SUBGHZ_MspInit
                0x0000000008000660       0x16 ./Core/Src/stm32wlxx_hal_msp.o
                0x0000000008000660                HAL_SUBGHZ_MspInit
 .text.NMI_Handler
                0x0000000008000676        0x6 ./Core/Src/stm32wlxx_it.o
                0x0000000008000676                NMI_Handler
 .text.HardFault_Handler
                0x000000000800067c        0x6 ./Core/Src/stm32wlxx_it.o
                0x000000000800067c                HardFault_Handler
 .text.MemManage_Handler
                0x0000000008000682        0x6 ./Core/Src/stm32wlxx_it.o
                0x0000000008000682                MemManage_Handler
 .text.BusFault_Handler
                0x0000000008000688        0x6 ./Core/Src/stm32wlxx_it.o
                0x0000000008000688                BusFault_Handler
 .text.UsageFault_Handler
                0x000000000800068e        0x6 ./Core/Src/stm32wlxx_it.o
                0x000000000800068e                UsageFault_Handler
 .text.SVC_Handler
                0x0000000008000694        0xc ./Core/Src/stm32wlxx_it.o
                0x0000000008000694                SVC_Handler
 .text.DebugMon_Handler
                0x00000000080006a0        0xc ./Core/Src/stm32wlxx_it.o
                0x00000000080006a0                DebugMon_Handler
 .text.PendSV_Handler
                0x00000000080006ac        0xc ./Core/Src/stm32wlxx_it.o
                0x00000000080006ac                PendSV_Handler
 .text.SysTick_Handler
                0x00000000080006b8        0xc ./Core/Src/stm32wlxx_it.o
                0x00000000080006b8                SysTick_Handler
 .text.SystemApp_Init
                0x00000000080006c4        0xc ./Core/Src/sys_app.o
                0x00000000080006c4                SystemApp_Init
 .text.HAL_GetTick
                0x00000000080006d0       0x28 ./Core/Src/sys_app.o
                0x00000000080006d0                HAL_GetTick
 .text.HAL_Delay
                0x00000000080006f8       0x18 ./Core/Src/sys_app.o
                0x00000000080006f8                HAL_Delay
 .text.SystemInit
                0x0000000008000710        0xc ./Core/Src/system_stm32wlxx.o
                0x0000000008000710                SystemInit
 .text.TIMER_IF_Init
                0x000000000800071c       0x16 ./Core/Src/timer_if.o
                0x000000000800071c                TIMER_IF_Init
 .text.TIMER_IF_StartTimer
                0x0000000008000732       0x18 ./Core/Src/timer_if.o
                0x0000000008000732                TIMER_IF_StartTimer
 .text.TIMER_IF_StopTimer
                0x000000000800074a       0x16 ./Core/Src/timer_if.o
                0x000000000800074a                TIMER_IF_StopTimer
 .text.TIMER_IF_SetTimerContext
                0x0000000008000760       0x14 ./Core/Src/timer_if.o
                0x0000000008000760                TIMER_IF_SetTimerContext
 .text.TIMER_IF_GetTimerContext
                0x0000000008000774       0x14 ./Core/Src/timer_if.o
                0x0000000008000774                TIMER_IF_GetTimerContext
 .text.TIMER_IF_GetTimerElapsedTime
                0x0000000008000788       0x16 ./Core/Src/timer_if.o
                0x0000000008000788                TIMER_IF_GetTimerElapsedTime
 .text.TIMER_IF_GetTimerValue
                0x000000000800079e       0x16 ./Core/Src/timer_if.o
                0x000000000800079e                TIMER_IF_GetTimerValue
 .text.TIMER_IF_GetMinimumTimeout
                0x00000000080007b4       0x16 ./Core/Src/timer_if.o
                0x00000000080007b4                TIMER_IF_GetMinimumTimeout
 .text.TIMER_IF_Convert_ms2Tick
                0x00000000080007ca       0x18 ./Core/Src/timer_if.o
                0x00000000080007ca                TIMER_IF_Convert_ms2Tick
 .text.TIMER_IF_Convert_Tick2ms
                0x00000000080007e2       0x18 ./Core/Src/timer_if.o
                0x00000000080007e2                TIMER_IF_Convert_Tick2ms
 .text.TIMER_IF_DelayMs
                0x00000000080007fa       0x12 ./Core/Src/timer_if.o
                0x00000000080007fa                TIMER_IF_DelayMs
 .text.Reset_Handler
                0x000000000800080c       0x50 ./Core/Startup/startup_stm32wle5cbux.o
                0x000000000800080c                Reset_Handler
 .text.Default_Handler
                0x000000000800085c        0x2 ./Core/Startup/startup_stm32wle5cbux.o
                0x000000000800085c                RTC_Alarm_IRQHandler
                0x000000000800085c                EXTI2_IRQHandler
                0x000000000800085c                TIM1_CC_IRQHandler
                0x000000000800085c                EXTI3_IRQHandler
                0x000000000800085c                LPTIM2_IRQHandler
                0x000000000800085c                I2C3_ER_IRQHandler
                0x000000000800085c                LPTIM3_IRQHandler
                0x000000000800085c                EXTI0_IRQHandler
                0x000000000800085c                I2C2_EV_IRQHandler
                0x000000000800085c                TAMP_STAMP_LSECSS_SSRU_IRQHandler
                0x000000000800085c                SPI1_IRQHandler
                0x000000000800085c                DMA2_Channel2_IRQHandler
                0x000000000800085c                DMA1_Channel4_IRQHandler
                0x000000000800085c                PKA_IRQHandler
                0x000000000800085c                TIM17_IRQHandler
                0x000000000800085c                DMA1_Channel7_IRQHandler
                0x000000000800085c                SUBGHZSPI_IRQHandler
                0x000000000800085c                DMA2_Channel1_IRQHandler
                0x000000000800085c                I2C1_EV_IRQHandler
                0x000000000800085c                SUBGHZ_Radio_IRQHandler
                0x000000000800085c                DMAMUX1_OVR_IRQHandler
                0x000000000800085c                DMA1_Channel6_IRQHandler
                0x000000000800085c                TIM16_IRQHandler
                0x000000000800085c                DMA2_Channel4_IRQHandler
                0x000000000800085c                RCC_IRQHandler
                0x000000000800085c                TIM1_TRG_COM_IRQHandler
                0x000000000800085c                DMA1_Channel1_IRQHandler
                0x000000000800085c                Default_Handler
                0x000000000800085c                DMA2_Channel7_IRQHandler
                0x000000000800085c                EXTI15_10_IRQHandler
                0x000000000800085c                ADC_IRQHandler
                0x000000000800085c                I2C3_EV_IRQHandler
                0x000000000800085c                EXTI9_5_IRQHandler
                0x000000000800085c                RTC_WKUP_IRQHandler
                0x000000000800085c                PVD_PVM_IRQHandler
                0x000000000800085c                SPI2_IRQHandler
                0x000000000800085c                DMA2_Channel5_IRQHandler
                0x000000000800085c                DMA1_Channel5_IRQHandler
                0x000000000800085c                EXTI4_IRQHandler
                0x000000000800085c                RNG_IRQHandler
                0x000000000800085c                DMA1_Channel3_IRQHandler
                0x000000000800085c                COMP_IRQHandler
                0x000000000800085c                HSEM_IRQHandler
                0x000000000800085c                TIM1_UP_IRQHandler
                0x000000000800085c                WWDG_IRQHandler
                0x000000000800085c                LPUART1_IRQHandler
                0x000000000800085c                DMA2_Channel6_IRQHandler
                0x000000000800085c                TIM2_IRQHandler
                0x000000000800085c                TIM1_BRK_IRQHandler
                0x000000000800085c                DAC_IRQHandler
                0x000000000800085c                EXTI1_IRQHandler
                0x000000000800085c                AES_IRQHandler
                0x000000000800085c                USART2_IRQHandler
                0x000000000800085c                I2C2_ER_IRQHandler
                0x000000000800085c                DMA1_Channel2_IRQHandler
                0x000000000800085c                FLASH_IRQHandler
                0x000000000800085c                USART1_IRQHandler
                0x000000000800085c                I2C1_ER_IRQHandler
                0x000000000800085c                LPTIM1_IRQHandler
                0x000000000800085c                DMA2_Channel3_IRQHandler
 *fill*         0x000000000800085e        0x2 
 .text.HAL_Init
                0x0000000008000860       0x40 ./Drivers/STM32WLxx_HAL_Driver/Src/stm32wlxx_hal.o
                0x0000000008000860                HAL_Init
 .text.HAL_InitTick
                0x00000000080008a0       0x74 ./Drivers/STM32WLxx_HAL_Driver/Src/stm32wlxx_hal.o
                0x00000000080008a0                HAL_InitTick
 .text.HAL_IncTick
                0x0000000008000914       0x24 ./Drivers/STM32WLxx_HAL_Driver/Src/stm32wlxx_hal.o
                0x0000000008000914                HAL_IncTick
 .text.__NVIC_SetPriorityGrouping
                0x0000000008000938       0x48 ./Drivers/STM32WLxx_HAL_Driver/Src/stm32wlxx_hal_cortex.o
 .text.__NVIC_GetPriorityGrouping
                0x0000000008000980       0x1c ./Drivers/STM32WLxx_HAL_Driver/Src/stm32wlxx_hal_cortex.o
 .text.__NVIC_SetPriority
                0x000000000800099c       0x54 ./Drivers/STM32WLxx_HAL_Driver/Src/stm32wlxx_hal_cortex.o
 .text.NVIC_EncodePriority
                0x00000000080009f0       0x64 ./Drivers/STM32WLxx_HAL_Driver/Src/stm32wlxx_hal_cortex.o
 .text.SysTick_Config
                0x0000000008000a54       0x44 ./Drivers/STM32WLxx_HAL_Driver/Src/stm32wlxx_hal_cortex.o
 .text.HAL_NVIC_SetPriorityGrouping
                0x0000000008000a98       0x16 ./Drivers/STM32WLxx_HAL_Driver/Src/stm32wlxx_hal_cortex.o
                0x0000000008000a98                HAL_NVIC_SetPriorityGrouping
 .text.HAL_NVIC_SetPriority
                0x0000000008000aae       0x34 ./Drivers/STM32WLxx_HAL_Driver/Src/stm32wlxx_hal_cortex.o
                0x0000000008000aae                HAL_NVIC_SetPriority
 .text.HAL_SYSTICK_Config
                0x0000000008000ae2       0x18 ./Drivers/STM32WLxx_HAL_Driver/Src/stm32wlxx_hal_cortex.o
                0x0000000008000ae2                HAL_SYSTICK_Config
 *fill*         0x0000000008000afa        0x2 
 .text.HAL_GPIO_Init
                0x0000000008000afc      0x2c0 ./Drivers/STM32WLxx_HAL_Driver/Src/stm32wlxx_hal_gpio.o
                0x0000000008000afc                HAL_GPIO_Init
 .text.HAL_GPIO_WritePin
                0x0000000008000dbc       0x2e ./Drivers/STM32WLxx_HAL_Driver/Src/stm32wlxx_hal_gpio.o
                0x0000000008000dbc                HAL_GPIO_WritePin
 *fill*         0x0000000008000dea        0x2 
 .text.HAL_PWR_EnableBkUpAccess
                0x0000000008000dec       0x1c ./Drivers/STM32WLxx_HAL_Driver/Src/stm32wlxx_hal_pwr.o
                0x0000000008000dec                HAL_PWR_EnableBkUpAccess
 .text.HAL_PWREx_GetVoltageRange
                0x0000000008000e08       0x18 ./Drivers/STM32WLxx_HAL_Driver/Src/stm32wlxx_hal_pwr_ex.o
                0x0000000008000e08                HAL_PWREx_GetVoltageRange
 .text.LL_PWR_IsEnabledBkUpAccess
                0x0000000008000e20       0x24 ./Drivers/STM32WLxx_HAL_Driver/Src/stm32wlxx_hal_rcc.o
 .text.LL_RCC_HSE_EnableTcxo
                0x0000000008000e44       0x1c ./Drivers/STM32WLxx_HAL_Driver/Src/stm32wlxx_hal_rcc.o
 .text.LL_RCC_HSE_DisableTcxo
                0x0000000008000e60       0x1c ./Drivers/STM32WLxx_HAL_Driver/Src/stm32wlxx_hal_rcc.o
 .text.LL_RCC_HSE_IsEnabledDiv2
                0x0000000008000e7c       0x22 ./Drivers/STM32WLxx_HAL_Driver/Src/stm32wlxx_hal_rcc.o
 .text.LL_RCC_HSE_Enable
                0x0000000008000e9e       0x1c ./Drivers/STM32WLxx_HAL_Driver/Src/stm32wlxx_hal_rcc.o
 .text.LL_RCC_HSE_Disable
                0x0000000008000eba       0x1c ./Drivers/STM32WLxx_HAL_Driver/Src/stm32wlxx_hal_rcc.o
 .text.LL_RCC_HSE_IsReady
                0x0000000008000ed6       0x22 ./Drivers/STM32WLxx_HAL_Driver/Src/stm32wlxx_hal_rcc.o
 .text.LL_RCC_HSI_Enable
                0x0000000008000ef8       0x1c ./Drivers/STM32WLxx_HAL_Driver/Src/stm32wlxx_hal_rcc.o
 .text.LL_RCC_HSI_Disable
                0x0000000008000f14       0x1c ./Drivers/STM32WLxx_HAL_Driver/Src/stm32wlxx_hal_rcc.o
 .text.LL_RCC_HSI_IsReady
                0x0000000008000f30       0x22 ./Drivers/STM32WLxx_HAL_Driver/Src/stm32wlxx_hal_rcc.o
 .text.LL_RCC_HSI_SetCalibTrimming
                0x0000000008000f52       0x28 ./Drivers/STM32WLxx_HAL_Driver/Src/stm32wlxx_hal_rcc.o
 .text.LL_RCC_LSE_IsReady
                0x0000000008000f7a       0x22 ./Drivers/STM32WLxx_HAL_Driver/Src/stm32wlxx_hal_rcc.o
 .text.LL_RCC_LSI_Enable
                0x0000000008000f9c       0x20 ./Drivers/STM32WLxx_HAL_Driver/Src/stm32wlxx_hal_rcc.o
 .text.LL_RCC_LSI_Disable
                0x0000000008000fbc       0x20 ./Drivers/STM32WLxx_HAL_Driver/Src/stm32wlxx_hal_rcc.o
 .text.LL_RCC_LSI_IsReady
                0x0000000008000fdc       0x22 ./Drivers/STM32WLxx_HAL_Driver/Src/stm32wlxx_hal_rcc.o
 .text.LL_RCC_MSI_Enable
                0x0000000008000ffe       0x1c ./Drivers/STM32WLxx_HAL_Driver/Src/stm32wlxx_hal_rcc.o
 .text.LL_RCC_MSI_Disable
                0x000000000800101a       0x1c ./Drivers/STM32WLxx_HAL_Driver/Src/stm32wlxx_hal_rcc.o
 .text.LL_RCC_MSI_IsReady
                0x0000000008001036       0x20 ./Drivers/STM32WLxx_HAL_Driver/Src/stm32wlxx_hal_rcc.o
 .text.LL_RCC_MSI_IsEnabledRangeSelect
                0x0000000008001056       0x20 ./Drivers/STM32WLxx_HAL_Driver/Src/stm32wlxx_hal_rcc.o
 .text.LL_RCC_MSI_GetRange
                0x0000000008001076       0x16 ./Drivers/STM32WLxx_HAL_Driver/Src/stm32wlxx_hal_rcc.o
 .text.LL_RCC_MSI_GetRangeAfterStandby
                0x000000000800108c       0x18 ./Drivers/STM32WLxx_HAL_Driver/Src/stm32wlxx_hal_rcc.o
 .text.LL_RCC_MSI_SetCalibTrimming
                0x00000000080010a4       0x28 ./Drivers/STM32WLxx_HAL_Driver/Src/stm32wlxx_hal_rcc.o
 .text.LL_RCC_SetSysClkSource
                0x00000000080010cc       0x26 ./Drivers/STM32WLxx_HAL_Driver/Src/stm32wlxx_hal_rcc.o
 .text.LL_RCC_GetSysClkSource
                0x00000000080010f2       0x16 ./Drivers/STM32WLxx_HAL_Driver/Src/stm32wlxx_hal_rcc.o
 .text.LL_RCC_SetAHBPrescaler
                0x0000000008001108       0x26 ./Drivers/STM32WLxx_HAL_Driver/Src/stm32wlxx_hal_rcc.o
 .text.LL_RCC_SetAHB3Prescaler
                0x000000000800112e       0x2c ./Drivers/STM32WLxx_HAL_Driver/Src/stm32wlxx_hal_rcc.o
 .text.LL_RCC_SetAPB1Prescaler
                0x000000000800115a       0x26 ./Drivers/STM32WLxx_HAL_Driver/Src/stm32wlxx_hal_rcc.o
 .text.LL_RCC_SetAPB2Prescaler
                0x0000000008001180       0x26 ./Drivers/STM32WLxx_HAL_Driver/Src/stm32wlxx_hal_rcc.o
 .text.LL_RCC_GetAHBPrescaler
                0x00000000080011a6       0x16 ./Drivers/STM32WLxx_HAL_Driver/Src/stm32wlxx_hal_rcc.o
 .text.LL_RCC_GetAHB3Prescaler
                0x00000000080011bc       0x1a ./Drivers/STM32WLxx_HAL_Driver/Src/stm32wlxx_hal_rcc.o
 .text.LL_RCC_PLL_Enable
                0x00000000080011d6       0x1c ./Drivers/STM32WLxx_HAL_Driver/Src/stm32wlxx_hal_rcc.o
 .text.LL_RCC_PLL_Disable
                0x00000000080011f2       0x1c ./Drivers/STM32WLxx_HAL_Driver/Src/stm32wlxx_hal_rcc.o
 .text.LL_RCC_PLL_IsReady
                0x000000000800120e       0x22 ./Drivers/STM32WLxx_HAL_Driver/Src/stm32wlxx_hal_rcc.o
 .text.LL_RCC_PLL_GetN
                0x0000000008001230       0x18 ./Drivers/STM32WLxx_HAL_Driver/Src/stm32wlxx_hal_rcc.o
 .text.LL_RCC_PLL_GetR
                0x0000000008001248       0x16 ./Drivers/STM32WLxx_HAL_Driver/Src/stm32wlxx_hal_rcc.o
 .text.LL_RCC_PLL_GetDivider
                0x000000000800125e       0x16 ./Drivers/STM32WLxx_HAL_Driver/Src/stm32wlxx_hal_rcc.o
 .text.LL_RCC_PLL_GetMainSource
                0x0000000008001274       0x16 ./Drivers/STM32WLxx_HAL_Driver/Src/stm32wlxx_hal_rcc.o
 .text.LL_RCC_IsActiveFlag_HPRE
                0x000000000800128a       0x22 ./Drivers/STM32WLxx_HAL_Driver/Src/stm32wlxx_hal_rcc.o
 .text.LL_RCC_IsActiveFlag_SHDHPRE
                0x00000000080012ac       0x24 ./Drivers/STM32WLxx_HAL_Driver/Src/stm32wlxx_hal_rcc.o
 .text.LL_RCC_IsActiveFlag_PPRE1
                0x00000000080012d0       0x22 ./Drivers/STM32WLxx_HAL_Driver/Src/stm32wlxx_hal_rcc.o
 .text.LL_RCC_IsActiveFlag_PPRE2
                0x00000000080012f2       0x22 ./Drivers/STM32WLxx_HAL_Driver/Src/stm32wlxx_hal_rcc.o
 .text.HAL_RCC_OscConfig
                0x0000000008001314      0x704 ./Drivers/STM32WLxx_HAL_Driver/Src/stm32wlxx_hal_rcc.o
                0x0000000008001314                HAL_RCC_OscConfig
 .text.HAL_RCC_ClockConfig
                0x0000000008001a18      0x248 ./Drivers/STM32WLxx_HAL_Driver/Src/stm32wlxx_hal_rcc.o
                0x0000000008001a18                HAL_RCC_ClockConfig
 .text.HAL_RCC_GetSysClockFreq
                0x0000000008001c60      0x140 ./Drivers/STM32WLxx_HAL_Driver/Src/stm32wlxx_hal_rcc.o
                0x0000000008001c60                HAL_RCC_GetSysClockFreq
 .text.HAL_RCC_GetHCLKFreq
                0x0000000008001da0       0x28 ./Drivers/STM32WLxx_HAL_Driver/Src/stm32wlxx_hal_rcc.o
                0x0000000008001da0                HAL_RCC_GetHCLKFreq
 .text.RCC_SetFlashLatencyFromMSIRange
                0x0000000008001dc8       0x60 ./Drivers/STM32WLxx_HAL_Driver/Src/stm32wlxx_hal_rcc.o
 .text.RCC_SetFlashLatency
                0x0000000008001e28      0x104 ./Drivers/STM32WLxx_HAL_Driver/Src/stm32wlxx_hal_rcc.o
 .text.LL_PWR_SetRadioBusyTrigger
                0x0000000008001f2c       0x28 ./Drivers/STM32WLxx_HAL_Driver/Src/stm32wlxx_hal_subghz.o
 .text.LL_PWR_UnselectSUBGHZSPI_NSS
                0x0000000008001f54       0x20 ./Drivers/STM32WLxx_HAL_Driver/Src/stm32wlxx_hal_subghz.o
 .text.LL_PWR_SelectSUBGHZSPI_NSS
                0x0000000008001f74       0x20 ./Drivers/STM32WLxx_HAL_Driver/Src/stm32wlxx_hal_subghz.o
 .text.LL_PWR_ClearFlag_RFBUSY
                0x0000000008001f94       0x18 ./Drivers/STM32WLxx_HAL_Driver/Src/stm32wlxx_hal_subghz.o
 .text.LL_PWR_IsActiveFlag_RFBUSYS
                0x0000000008001fac       0x24 ./Drivers/STM32WLxx_HAL_Driver/Src/stm32wlxx_hal_subghz.o
 .text.LL_PWR_IsActiveFlag_RFBUSYMS
                0x0000000008001fd0       0x24 ./Drivers/STM32WLxx_HAL_Driver/Src/stm32wlxx_hal_subghz.o
 .text.LL_RCC_RF_DisableReset
                0x0000000008001ff4       0x20 ./Drivers/STM32WLxx_HAL_Driver/Src/stm32wlxx_hal_subghz.o
 .text.LL_RCC_IsRFUnderReset
                0x0000000008002014       0x24 ./Drivers/STM32WLxx_HAL_Driver/Src/stm32wlxx_hal_subghz.o
 .text.LL_EXTI_EnableIT_32_63
                0x0000000008002038       0x28 ./Drivers/STM32WLxx_HAL_Driver/Src/stm32wlxx_hal_subghz.o
 .text.HAL_SUBGHZ_Init
                0x0000000008002060       0xc8 ./Drivers/STM32WLxx_HAL_Driver/Src/stm32wlxx_hal_subghz.o
                0x0000000008002060                HAL_SUBGHZ_Init
 .text.HAL_SUBGHZ_WriteRegisters
                0x0000000008002128       0xbe ./Drivers/STM32WLxx_HAL_Driver/Src/stm32wlxx_hal_subghz.o
                0x0000000008002128                HAL_SUBGHZ_WriteRegisters
 .text.HAL_SUBGHZ_ReadRegisters
                0x00000000080021e6       0xc2 ./Drivers/STM32WLxx_HAL_Driver/Src/stm32wlxx_hal_subghz.o
                0x00000000080021e6                HAL_SUBGHZ_ReadRegisters
 .text.HAL_SUBGHZ_ExecSetCmd
                0x00000000080022a8       0xbe ./Drivers/STM32WLxx_HAL_Driver/Src/stm32wlxx_hal_subghz.o
                0x00000000080022a8                HAL_SUBGHZ_ExecSetCmd
 .text.HAL_SUBGHZ_ExecGetCmd
                0x0000000008002366       0xa8 ./Drivers/STM32WLxx_HAL_Driver/Src/stm32wlxx_hal_subghz.o
                0x0000000008002366                HAL_SUBGHZ_ExecGetCmd
 .text.HAL_SUBGHZ_WriteBuffer
                0x000000000800240e       0xa6 ./Drivers/STM32WLxx_HAL_Driver/Src/stm32wlxx_hal_subghz.o
                0x000000000800240e                HAL_SUBGHZ_WriteBuffer
 .text.HAL_SUBGHZ_ReadBuffer
                0x00000000080024b4       0xb0 ./Drivers/STM32WLxx_HAL_Driver/Src/stm32wlxx_hal_subghz.o
                0x00000000080024b4                HAL_SUBGHZ_ReadBuffer
 .text.SUBGHZSPI_Init
                0x0000000008002564       0x40 ./Drivers/STM32WLxx_HAL_Driver/Src/stm32wlxx_hal_subghz.o
                0x0000000008002564                SUBGHZSPI_Init
 .text.SUBGHZSPI_Transmit
                0x00000000080025a4       0xac ./Drivers/STM32WLxx_HAL_Driver/Src/stm32wlxx_hal_subghz.o
                0x00000000080025a4                SUBGHZSPI_Transmit
 .text.SUBGHZSPI_Receive
                0x0000000008002650       0xb0 ./Drivers/STM32WLxx_HAL_Driver/Src/stm32wlxx_hal_subghz.o
                0x0000000008002650                SUBGHZSPI_Receive
 .text.SUBGHZ_CheckDeviceReady
                0x0000000008002700       0x48 ./Drivers/STM32WLxx_HAL_Driver/Src/stm32wlxx_hal_subghz.o
                0x0000000008002700                SUBGHZ_CheckDeviceReady
 .text.SUBGHZ_WaitOnBusy
                0x0000000008002748       0x5c ./Drivers/STM32WLxx_HAL_Driver/Src/stm32wlxx_hal_subghz.o
                0x0000000008002748                SUBGHZ_WaitOnBusy
 .text.RadioInit
                0x00000000080027a4       0xb8 ./Middlewares/Third_Party/SubGHz_Phy/stm32_radio_driver/radio.o
 .text.RadioGetStatus
                0x000000000800285c       0x2e ./Middlewares/Third_Party/SubGHz_Phy/stm32_radio_driver/radio.o
 *fill*         0x000000000800288a        0x2 
 .text.RadioSetModem
                0x000000000800288c       0xb8 ./Middlewares/Third_Party/SubGHz_Phy/stm32_radio_driver/radio.o
 .text.RadioSetChannel
                0x0000000008002944       0x16 ./Middlewares/Third_Party/SubGHz_Phy/stm32_radio_driver/radio.o
 .text.RadioIsChannelFree
                0x000000000800295a       0xb4 ./Middlewares/Third_Party/SubGHz_Phy/stm32_radio_driver/radio.o
 .text.RadioRandom
                0x0000000008002a0e       0x26 ./Middlewares/Third_Party/SubGHz_Phy/stm32_radio_driver/radio.o
 .text.RadioSetRxConfig
                0x0000000008002a34      0x418 ./Middlewares/Third_Party/SubGHz_Phy/stm32_radio_driver/radio.o
 .text.RadioSetTxConfig
                0x0000000008002e4c      0x224 ./Middlewares/Third_Party/SubGHz_Phy/stm32_radio_driver/radio.o
 .text.RadioCheckRfFrequency
                0x0000000008003070       0x14 ./Middlewares/Third_Party/SubGHz_Phy/stm32_radio_driver/radio.o
 .text.RadioGetLoRaBandwidthInHz
                0x0000000008003084       0xac ./Middlewares/Third_Party/SubGHz_Phy/stm32_radio_driver/radio.o
 .text.RadioGetGfskTimeOnAirNumerator
                0x0000000008003130       0x54 ./Middlewares/Third_Party/SubGHz_Phy/stm32_radio_driver/radio.o
 .text.RadioGetLoRaTimeOnAirNumerator
                0x0000000008003184      0x102 ./Middlewares/Third_Party/SubGHz_Phy/stm32_radio_driver/radio.o
 *fill*         0x0000000008003286        0x2 
 .text.RadioTimeOnAir
                0x0000000008003288       0xb0 ./Middlewares/Third_Party/SubGHz_Phy/stm32_radio_driver/radio.o
 .text.RadioSend
                0x0000000008003338      0x1f0 ./Middlewares/Third_Party/SubGHz_Phy/stm32_radio_driver/radio.o
 .text.RadioSleep
                0x0000000008003528       0x26 ./Middlewares/Third_Party/SubGHz_Phy/stm32_radio_driver/radio.o
 .text.RadioStandby
                0x000000000800354e        0xe ./Middlewares/Third_Party/SubGHz_Phy/stm32_radio_driver/radio.o
 .text.RadioRx  0x000000000800355c       0x80 ./Middlewares/Third_Party/SubGHz_Phy/stm32_radio_driver/radio.o
 .text.RadioRxBoosted
                0x00000000080035dc       0x80 ./Middlewares/Third_Party/SubGHz_Phy/stm32_radio_driver/radio.o
 .text.RadioSetRxDutyCycle
                0x000000000800365c       0x48 ./Middlewares/Third_Party/SubGHz_Phy/stm32_radio_driver/radio.o
 .text.RadioStartCad
                0x00000000080036a4       0x30 ./Middlewares/Third_Party/SubGHz_Phy/stm32_radio_driver/radio.o
 .text.RadioSetTxContinuousWave
                0x00000000080036d4       0x64 ./Middlewares/Third_Party/SubGHz_Phy/stm32_radio_driver/radio.o
 .text.RadioRssi
                0x0000000008003738       0x1a ./Middlewares/Third_Party/SubGHz_Phy/stm32_radio_driver/radio.o
 .text.RadioWrite
                0x0000000008003752       0x24 ./Middlewares/Third_Party/SubGHz_Phy/stm32_radio_driver/radio.o
 .text.RadioRead
                0x0000000008003776       0x1c ./Middlewares/Third_Party/SubGHz_Phy/stm32_radio_driver/radio.o
 .text.RadioWriteRegisters
                0x0000000008003792       0x26 ./Middlewares/Third_Party/SubGHz_Phy/stm32_radio_driver/radio.o
 .text.RadioReadRegisters
                0x00000000080037b8       0x26 ./Middlewares/Third_Party/SubGHz_Phy/stm32_radio_driver/radio.o
 *fill*         0x00000000080037de        0x2 
 .text.RadioSetMaxPayloadLength
                0x00000000080037e0       0x5c ./Middlewares/Third_Party/SubGHz_Phy/stm32_radio_driver/radio.o
 .text.RadioSetPublicNetwork
                0x000000000800383c       0x5c ./Middlewares/Third_Party/SubGHz_Phy/stm32_radio_driver/radio.o
 .text.RadioGetWakeupTime
                0x0000000008003898       0x10 ./Middlewares/Third_Party/SubGHz_Phy/stm32_radio_driver/radio.o
 .text.RadioOnTxTimeoutIrq
                0x00000000080038a8       0x14 ./Middlewares/Third_Party/SubGHz_Phy/stm32_radio_driver/radio.o
 .text.RadioOnRxTimeoutIrq
                0x00000000080038bc       0x14 ./Middlewares/Third_Party/SubGHz_Phy/stm32_radio_driver/radio.o
 .text.RadioOnTxTimeoutProcess
                0x00000000080038d0       0x28 ./Middlewares/Third_Party/SubGHz_Phy/stm32_radio_driver/radio.o
 .text.RadioOnRxTimeoutProcess
                0x00000000080038f8       0x28 ./Middlewares/Third_Party/SubGHz_Phy/stm32_radio_driver/radio.o
 .text.RadioOnDioIrq
                0x0000000008003920       0x24 ./Middlewares/Third_Party/SubGHz_Phy/stm32_radio_driver/radio.o
 .text.RadioIrqProcess
                0x0000000008003944      0x3e8 ./Middlewares/Third_Party/SubGHz_Phy/stm32_radio_driver/radio.o
 .text.RadioTxPrbs
                0x0000000008003d2c       0x38 ./Middlewares/Third_Party/SubGHz_Phy/stm32_radio_driver/radio.o
 .text.RadioTxCw
                0x0000000008003d64       0x38 ./Middlewares/Third_Party/SubGHz_Phy/stm32_radio_driver/radio.o
 .text.payload_integration
                0x0000000008003d9c      0x120 ./Middlewares/Third_Party/SubGHz_Phy/stm32_radio_driver/radio.o
 .text.RadioSetRxGenericConfig
                0x0000000008003ebc      0x38c ./Middlewares/Third_Party/SubGHz_Phy/stm32_radio_driver/radio.o
 .text.RadioSetTxGenericConfig
                0x0000000008004248      0x46c ./Middlewares/Third_Party/SubGHz_Phy/stm32_radio_driver/radio.o
 .text.RadioLrFhssSetCfg
                0x00000000080046b4       0x18 ./Middlewares/Third_Party/SubGHz_Phy/stm32_radio_driver/radio.o
 .text.RadioLrFhssGetTimeOnAirInMs
                0x00000000080046cc       0x16 ./Middlewares/Third_Party/SubGHz_Phy/stm32_radio_driver/radio.o
 *fill*         0x00000000080046e2        0x2 
 .text.SUBGRF_Init
                0x00000000080046e4       0x90 ./Middlewares/Third_Party/SubGHz_Phy/stm32_radio_driver/radio_driver.o
                0x00000000080046e4                SUBGRF_Init
 .text.SUBGRF_GetOperatingMode
                0x0000000008004774       0x14 ./Middlewares/Third_Party/SubGHz_Phy/stm32_radio_driver/radio_driver.o
                0x0000000008004774                SUBGRF_GetOperatingMode
 .text.SUBGRF_SetPayload
                0x0000000008004788       0x20 ./Middlewares/Third_Party/SubGHz_Phy/stm32_radio_driver/radio_driver.o
                0x0000000008004788                SUBGRF_SetPayload
 .text.SUBGRF_GetPayload
                0x00000000080047a8       0x44 ./Middlewares/Third_Party/SubGHz_Phy/stm32_radio_driver/radio_driver.o
                0x00000000080047a8                SUBGRF_GetPayload
 .text.SUBGRF_SendPayload
                0x00000000080047ec       0x26 ./Middlewares/Third_Party/SubGHz_Phy/stm32_radio_driver/radio_driver.o
                0x00000000080047ec                SUBGRF_SendPayload
 .text.SUBGRF_SetSyncWord
                0x0000000008004812       0x1e ./Middlewares/Third_Party/SubGHz_Phy/stm32_radio_driver/radio_driver.o
                0x0000000008004812                SUBGRF_SetSyncWord
 .text.SUBGRF_SetCrcSeed
                0x0000000008004830       0x40 ./Middlewares/Third_Party/SubGHz_Phy/stm32_radio_driver/radio_driver.o
                0x0000000008004830                SUBGRF_SetCrcSeed
 .text.SUBGRF_SetCrcPolynomial
                0x0000000008004870       0x40 ./Middlewares/Third_Party/SubGHz_Phy/stm32_radio_driver/radio_driver.o
                0x0000000008004870                SUBGRF_SetCrcPolynomial
 .text.SUBGRF_SetWhiteningSeed
                0x00000000080048b0       0x66 ./Middlewares/Third_Party/SubGHz_Phy/stm32_radio_driver/radio_driver.o
                0x00000000080048b0                SUBGRF_SetWhiteningSeed
 .text.SUBGRF_GetRandom
                0x0000000008004916       0x8c ./Middlewares/Third_Party/SubGHz_Phy/stm32_radio_driver/radio_driver.o
                0x0000000008004916                SUBGRF_GetRandom
 *fill*         0x00000000080049a2        0x2 
 .text.SUBGRF_SetSleep
                0x00000000080049a4       0x64 ./Middlewares/Third_Party/SubGHz_Phy/stm32_radio_driver/radio_driver.o
                0x00000000080049a4                SUBGRF_SetSleep
 .text.SUBGRF_SetStandby
                0x0000000008004a08       0x38 ./Middlewares/Third_Party/SubGHz_Phy/stm32_radio_driver/radio_driver.o
                0x0000000008004a08                SUBGRF_SetStandby
 .text.SUBGRF_SetTx
                0x0000000008004a40       0x40 ./Middlewares/Third_Party/SubGHz_Phy/stm32_radio_driver/radio_driver.o
                0x0000000008004a40                SUBGRF_SetTx
 .text.SUBGRF_SetRx
                0x0000000008004a80       0x40 ./Middlewares/Third_Party/SubGHz_Phy/stm32_radio_driver/radio_driver.o
                0x0000000008004a80                SUBGRF_SetRx
 .text.SUBGRF_SetRxBoosted
                0x0000000008004ac0       0x48 ./Middlewares/Third_Party/SubGHz_Phy/stm32_radio_driver/radio_driver.o
                0x0000000008004ac0                SUBGRF_SetRxBoosted
 .text.SUBGRF_SetRxDutyCycle
                0x0000000008004b08       0x58 ./Middlewares/Third_Party/SubGHz_Phy/stm32_radio_driver/radio_driver.o
                0x0000000008004b08                SUBGRF_SetRxDutyCycle
 .text.SUBGRF_SetCad
                0x0000000008004b60       0x1c ./Middlewares/Third_Party/SubGHz_Phy/stm32_radio_driver/radio_driver.o
                0x0000000008004b60                SUBGRF_SetCad
 .text.SUBGRF_SetTxContinuousWave
                0x0000000008004b7c       0x12 ./Middlewares/Third_Party/SubGHz_Phy/stm32_radio_driver/radio_driver.o
                0x0000000008004b7c                SUBGRF_SetTxContinuousWave
 .text.SUBGRF_SetTxInfinitePreamble
                0x0000000008004b8e       0x12 ./Middlewares/Third_Party/SubGHz_Phy/stm32_radio_driver/radio_driver.o
                0x0000000008004b8e                SUBGRF_SetTxInfinitePreamble
 .text.SUBGRF_SetStopRxTimerOnPreambleDetect
                0x0000000008004ba0       0x1e ./Middlewares/Third_Party/SubGHz_Phy/stm32_radio_driver/radio_driver.o
                0x0000000008004ba0                SUBGRF_SetStopRxTimerOnPreambleDetect
 .text.SUBGRF_SetLoRaSymbNumTimeout
                0x0000000008004bbe       0x5e ./Middlewares/Third_Party/SubGHz_Phy/stm32_radio_driver/radio_driver.o
                0x0000000008004bbe                SUBGRF_SetLoRaSymbNumTimeout
 .text.SUBGRF_SetRegulatorMode
                0x0000000008004c1c       0x2e ./Middlewares/Third_Party/SubGHz_Phy/stm32_radio_driver/radio_driver.o
                0x0000000008004c1c                SUBGRF_SetRegulatorMode
 .text.SUBGRF_Calibrate
                0x0000000008004c4a       0x8c ./Middlewares/Third_Party/SubGHz_Phy/stm32_radio_driver/radio_driver.o
                0x0000000008004c4a                SUBGRF_Calibrate
 *fill*         0x0000000008004cd6        0x2 
 .text.SUBGRF_CalibrateImage
                0x0000000008004cd8       0x94 ./Middlewares/Third_Party/SubGHz_Phy/stm32_radio_driver/radio_driver.o
                0x0000000008004cd8                SUBGRF_CalibrateImage
 .text.SUBGRF_SetPaConfig
                0x0000000008004d6c       0x44 ./Middlewares/Third_Party/SubGHz_Phy/stm32_radio_driver/radio_driver.o
                0x0000000008004d6c                SUBGRF_SetPaConfig
 .text.SUBGRF_SetDioIrqParams
                0x0000000008004db0       0x74 ./Middlewares/Third_Party/SubGHz_Phy/stm32_radio_driver/radio_driver.o
                0x0000000008004db0                SUBGRF_SetDioIrqParams
 .text.SUBGRF_SetTcxoMode
                0x0000000008004e24       0x42 ./Middlewares/Third_Party/SubGHz_Phy/stm32_radio_driver/radio_driver.o
                0x0000000008004e24                SUBGRF_SetTcxoMode
 *fill*         0x0000000008004e66        0x2 
 .text.SUBGRF_SetRfFrequency
                0x0000000008004e68       0x8c ./Middlewares/Third_Party/SubGHz_Phy/stm32_radio_driver/radio_driver.o
                0x0000000008004e68                SUBGRF_SetRfFrequency
 .text.SUBGRF_SetPacketType
                0x0000000008004ef4       0x38 ./Middlewares/Third_Party/SubGHz_Phy/stm32_radio_driver/radio_driver.o
                0x0000000008004ef4                SUBGRF_SetPacketType
 .text.SUBGRF_GetPacketType
                0x0000000008004f2c       0x14 ./Middlewares/Third_Party/SubGHz_Phy/stm32_radio_driver/radio_driver.o
                0x0000000008004f2c                SUBGRF_GetPacketType
 .text.SUBGRF_SetTxParams
                0x0000000008004f40      0x19a ./Middlewares/Third_Party/SubGHz_Phy/stm32_radio_driver/radio_driver.o
                0x0000000008004f40                SUBGRF_SetTxParams
 *fill*         0x00000000080050da        0x2 
 .text.SUBGRF_SetModulationParams
                0x00000000080050dc      0x1a4 ./Middlewares/Third_Party/SubGHz_Phy/stm32_radio_driver/radio_driver.o
                0x00000000080050dc                SUBGRF_SetModulationParams
 .text.SUBGRF_SetPacketParams
                0x0000000008005280      0x13c ./Middlewares/Third_Party/SubGHz_Phy/stm32_radio_driver/radio_driver.o
                0x0000000008005280                SUBGRF_SetPacketParams
 .text.SUBGRF_SetBufferBaseAddress
                0x00000000080053bc       0x2e ./Middlewares/Third_Party/SubGHz_Phy/stm32_radio_driver/radio_driver.o
                0x00000000080053bc                SUBGRF_SetBufferBaseAddress
 .text.SUBGRF_GetRssiInst
                0x00000000080053ea       0x2a ./Middlewares/Third_Party/SubGHz_Phy/stm32_radio_driver/radio_driver.o
                0x00000000080053ea                SUBGRF_GetRssiInst
 .text.SUBGRF_GetRxBufferStatus
                0x0000000008005414       0x58 ./Middlewares/Third_Party/SubGHz_Phy/stm32_radio_driver/radio_driver.o
                0x0000000008005414                SUBGRF_GetRxBufferStatus
 .text.SUBGRF_GetPacketStatus
                0x000000000800546c       0xa4 ./Middlewares/Third_Party/SubGHz_Phy/stm32_radio_driver/radio_driver.o
                0x000000000800546c                SUBGRF_GetPacketStatus
 .text.SUBGRF_WriteRegister
                0x0000000008005510       0x44 ./Middlewares/Third_Party/SubGHz_Phy/stm32_radio_driver/radio_driver.o
                0x0000000008005510                SUBGRF_WriteRegister
 .text.SUBGRF_ReadRegister
                0x0000000008005554       0x40 ./Middlewares/Third_Party/SubGHz_Phy/stm32_radio_driver/radio_driver.o
                0x0000000008005554                SUBGRF_ReadRegister
 .text.SUBGRF_WriteRegisters
                0x0000000008005594       0x44 ./Middlewares/Third_Party/SubGHz_Phy/stm32_radio_driver/radio_driver.o
                0x0000000008005594                SUBGRF_WriteRegisters
 .text.SUBGRF_ReadRegisters
                0x00000000080055d8       0x44 ./Middlewares/Third_Party/SubGHz_Phy/stm32_radio_driver/radio_driver.o
                0x00000000080055d8                SUBGRF_ReadRegisters
 .text.SUBGRF_WriteBuffer
                0x000000000800561c       0x44 ./Middlewares/Third_Party/SubGHz_Phy/stm32_radio_driver/radio_driver.o
                0x000000000800561c                SUBGRF_WriteBuffer
 .text.SUBGRF_ReadBuffer
                0x0000000008005660       0x44 ./Middlewares/Third_Party/SubGHz_Phy/stm32_radio_driver/radio_driver.o
                0x0000000008005660                SUBGRF_ReadBuffer
 .text.SUBGRF_WriteCommand
                0x00000000080056a4       0x44 ./Middlewares/Third_Party/SubGHz_Phy/stm32_radio_driver/radio_driver.o
                0x00000000080056a4                SUBGRF_WriteCommand
 .text.SUBGRF_ReadCommand
                0x00000000080056e8       0x44 ./Middlewares/Third_Party/SubGHz_Phy/stm32_radio_driver/radio_driver.o
                0x00000000080056e8                SUBGRF_ReadCommand
 .text.SUBGRF_SetSwitch
                0x000000000800572c       0x50 ./Middlewares/Third_Party/SubGHz_Phy/stm32_radio_driver/radio_driver.o
                0x000000000800572c                SUBGRF_SetSwitch
 .text.SUBGRF_SetRfTxPower
                0x000000000800577c       0x68 ./Middlewares/Third_Party/SubGHz_Phy/stm32_radio_driver/radio_driver.o
                0x000000000800577c                SUBGRF_SetRfTxPower
 .text.SUBGRF_GetRadioWakeUpTime
                0x00000000080057e4        0xe ./Middlewares/Third_Party/SubGHz_Phy/stm32_radio_driver/radio_driver.o
                0x00000000080057e4                SUBGRF_GetRadioWakeUpTime
 .text.Radio_SMPS_Set
                0x00000000080057f2       0x42 ./Middlewares/Third_Party/SubGHz_Phy/stm32_radio_driver/radio_driver.o
 .text.SUBGRF_GetFskBandwidthRegValue
                0x0000000008005834       0x50 ./Middlewares/Third_Party/SubGHz_Phy/stm32_radio_driver/radio_driver.o
                0x0000000008005834                SUBGRF_GetFskBandwidthRegValue
 .text.SUBGRF_GetCFO
                0x0000000008005884       0xe8 ./Middlewares/Third_Party/SubGHz_Phy/stm32_radio_driver/radio_driver.o
                0x0000000008005884                SUBGRF_GetCFO
 .text.RFW_TransmitLongPacket
                0x000000000800596c       0x24 ./Middlewares/Third_Party/SubGHz_Phy/stm32_radio_driver/radio_fw.o
                0x000000000800596c                RFW_TransmitLongPacket
 .text.RFW_ReceiveLongPacket
                0x0000000008005990       0x24 ./Middlewares/Third_Party/SubGHz_Phy/stm32_radio_driver/radio_fw.o
                0x0000000008005990                RFW_ReceiveLongPacket
 .text.RFW_Init
                0x00000000080059b4       0x1a ./Middlewares/Third_Party/SubGHz_Phy/stm32_radio_driver/radio_fw.o
                0x00000000080059b4                RFW_Init
 .text.RFW_DeInit
                0x00000000080059ce        0xc ./Middlewares/Third_Party/SubGHz_Phy/stm32_radio_driver/radio_fw.o
                0x00000000080059ce                RFW_DeInit
 .text.RFW_Is_Init
                0x00000000080059da        0xe ./Middlewares/Third_Party/SubGHz_Phy/stm32_radio_driver/radio_fw.o
                0x00000000080059da                RFW_Is_Init
 .text.RFW_Is_LongPacketModeEnabled
                0x00000000080059e8        0xe ./Middlewares/Third_Party/SubGHz_Phy/stm32_radio_driver/radio_fw.o
                0x00000000080059e8                RFW_Is_LongPacketModeEnabled
 .text.RFW_SetAntSwitch
                0x00000000080059f6       0x14 ./Middlewares/Third_Party/SubGHz_Phy/stm32_radio_driver/radio_fw.o
                0x00000000080059f6                RFW_SetAntSwitch
 .text.RFW_TransmitInit
                0x0000000008005a0a       0x20 ./Middlewares/Third_Party/SubGHz_Phy/stm32_radio_driver/radio_fw.o
                0x0000000008005a0a                RFW_TransmitInit
 .text.RFW_ReceiveInit
                0x0000000008005a2a       0x10 ./Middlewares/Third_Party/SubGHz_Phy/stm32_radio_driver/radio_fw.o
                0x0000000008005a2a                RFW_ReceiveInit
 .text.RFW_DeInit_TxLongPacket
                0x0000000008005a3a        0xc ./Middlewares/Third_Party/SubGHz_Phy/stm32_radio_driver/radio_fw.o
                0x0000000008005a3a                RFW_DeInit_TxLongPacket
 .text.RFW_ReceivePayload
                0x0000000008005a46        0xc ./Middlewares/Third_Party/SubGHz_Phy/stm32_radio_driver/radio_fw.o
                0x0000000008005a46                RFW_ReceivePayload
 .text.RFW_SetRadioModem
                0x0000000008005a52       0x14 ./Middlewares/Third_Party/SubGHz_Phy/stm32_radio_driver/radio_fw.o
                0x0000000008005a52                RFW_SetRadioModem
 .text.MX_SubGHz_Phy_Init
                0x0000000008005a66       0x10 ./SubGHz_Phy/App/app_subghz_phy.o
                0x0000000008005a66                MX_SubGHz_Phy_Init
 .text.MX_SubGHz_Phy_Process
                0x0000000008005a76        0xc ./SubGHz_Phy/App/app_subghz_phy.o
                0x0000000008005a76                MX_SubGHz_Phy_Process
 *fill*         0x0000000008005a82        0x2 
 .text.SubghzApp_Init
                0x0000000008005a84       0x4c ./SubGHz_Phy/App/subghz_phy_app.o
                0x0000000008005a84                SubghzApp_Init
 .text.OnTxDone
                0x0000000008005ad0        0xc ./SubGHz_Phy/App/subghz_phy_app.o
 .text.OnRxDone
                0x0000000008005adc       0x24 ./SubGHz_Phy/App/subghz_phy_app.o
 .text.OnTxTimeout
                0x0000000008005b00        0xc ./SubGHz_Phy/App/subghz_phy_app.o
 .text.OnRxTimeout
                0x0000000008005b0c        0xc ./SubGHz_Phy/App/subghz_phy_app.o
 .text.OnRxError
                0x0000000008005b18        0xc ./SubGHz_Phy/App/subghz_phy_app.o
 .text.RBI_Init
                0x0000000008005b24       0x16 ./SubGHz_Phy/Target/radio_board_if.o
                0x0000000008005b24                RBI_Init
 .text.RBI_ConfigRFSwitch
                0x0000000008005b3a       0x1a ./SubGHz_Phy/Target/radio_board_if.o
                0x0000000008005b3a                RBI_ConfigRFSwitch
 .text.RBI_GetTxConfig
                0x0000000008005b54       0x16 ./SubGHz_Phy/Target/radio_board_if.o
                0x0000000008005b54                RBI_GetTxConfig
 .text.RBI_IsTCXO
                0x0000000008005b6a       0x16 ./SubGHz_Phy/Target/radio_board_if.o
                0x0000000008005b6a                RBI_IsTCXO
 .text.RBI_IsDCDC
                0x0000000008005b80       0x16 ./SubGHz_Phy/Target/radio_board_if.o
                0x0000000008005b80                RBI_IsDCDC
 .text.RBI_GetRFOMaxPowerConfig
                0x0000000008005b96       0x2a ./SubGHz_Phy/Target/radio_board_if.o
                0x0000000008005b96                RBI_GetRFOMaxPowerConfig
 .text.UTIL_MEM_cpy_8
                0x0000000008005bc0       0x3e ./Utilities/misc/stm32_mem.o
                0x0000000008005bc0                UTIL_MEM_cpy_8
 .text.UTIL_MEM_set_8
                0x0000000008005bfe       0x36 ./Utilities/misc/stm32_mem.o
                0x0000000008005bfe                UTIL_MEM_set_8
 .text.UTIL_TIMER_Create
                0x0000000008005c34       0x6c ./Utilities/timer/stm32_timer.o
                0x0000000008005c34                UTIL_TIMER_Create
 .text.UTIL_TIMER_Start
                0x0000000008005ca0       0xdc ./Utilities/timer/stm32_timer.o
                0x0000000008005ca0                UTIL_TIMER_Start
 .text.UTIL_TIMER_Stop
                0x0000000008005d7c       0xe0 ./Utilities/timer/stm32_timer.o
                0x0000000008005d7c                UTIL_TIMER_Stop
 .text.UTIL_TIMER_SetPeriod
                0x0000000008005e5c       0x54 ./Utilities/timer/stm32_timer.o
                0x0000000008005e5c                UTIL_TIMER_SetPeriod
 .text.UTIL_TIMER_GetCurrentTime
                0x0000000008005eb0       0x24 ./Utilities/timer/stm32_timer.o
                0x0000000008005eb0                UTIL_TIMER_GetCurrentTime
 .text.UTIL_TIMER_GetElapsedTime
                0x0000000008005ed4       0x38 ./Utilities/timer/stm32_timer.o
                0x0000000008005ed4                UTIL_TIMER_GetElapsedTime
 .text.TimerExists
                0x0000000008005f0c       0x38 ./Utilities/timer/stm32_timer.o
                0x0000000008005f0c                TimerExists
 .text.TimerSetTimeout
                0x0000000008005f44       0x54 ./Utilities/timer/stm32_timer.o
                0x0000000008005f44                TimerSetTimeout
 .text.TimerInsertTimer
                0x0000000008005f98       0x60 ./Utilities/timer/stm32_timer.o
                0x0000000008005f98                TimerInsertTimer
 .text.TimerInsertNewHeadTimer
                0x0000000008005ff8       0x3c ./Utilities/timer/stm32_timer.o
                0x0000000008005ff8                TimerInsertNewHeadTimer
 .text.memset   0x0000000008006034       0x10 C:/ST/STM32CubeIDE_1.13.1/STM32CubeIDE/plugins/com.st.stm32cube.ide.mcu.externaltools.gnu-tools-for-stm32.11.3.rel1.win32_1.1.0.202305231506/tools/bin/../lib/gcc/arm-none-eabi/11.3.1/../../../../arm-none-eabi/lib/thumb/v7e-m/nofp\libc_nano.a(libc_a-memset.o)
                0x0000000008006034                memset
 .text.__libc_init_array
                0x0000000008006044       0x48 C:/ST/STM32CubeIDE_1.13.1/STM32CubeIDE/plugins/com.st.stm32cube.ide.mcu.externaltools.gnu-tools-for-stm32.11.3.rel1.win32_1.1.0.202305231506/tools/bin/../lib/gcc/arm-none-eabi/11.3.1/../../../../arm-none-eabi/lib/thumb/v7e-m/nofp\libc_nano.a(libc_a-init.o)
                0x0000000008006044                __libc_init_array
 *(.glue_7)
 .glue_7        0x000000000800608c        0x0 linker stubs
 *(.glue_7t)
 .glue_7t       0x000000000800608c        0x0 linker stubs
 *(.eh_frame)
 .eh_frame      0x000000000800608c        0x0 C:/ST/STM32CubeIDE_1.13.1/STM32CubeIDE/plugins/com.st.stm32cube.ide.mcu.externaltools.gnu-tools-for-stm32.11.3.rel1.win32_1.1.0.202305231506/tools/bin/../lib/gcc/arm-none-eabi/11.3.1/thumb/v7e-m/nofp/crtbegin.o
 *(.init)
 .init          0x000000000800608c        0x4 C:/ST/STM32CubeIDE_1.13.1/STM32CubeIDE/plugins/com.st.stm32cube.ide.mcu.externaltools.gnu-tools-for-stm32.11.3.rel1.win32_1.1.0.202305231506/tools/bin/../lib/gcc/arm-none-eabi/11.3.1/thumb/v7e-m/nofp/crti.o
                0x000000000800608c                _init
 .init          0x0000000008006090        0x8 C:/ST/STM32CubeIDE_1.13.1/STM32CubeIDE/plugins/com.st.stm32cube.ide.mcu.externaltools.gnu-tools-for-stm32.11.3.rel1.win32_1.1.0.202305231506/tools/bin/../lib/gcc/arm-none-eabi/11.3.1/thumb/v7e-m/nofp/crtn.o
 *(.fini)
 .fini          0x0000000008006098        0x4 C:/ST/STM32CubeIDE_1.13.1/STM32CubeIDE/plugins/com.st.stm32cube.ide.mcu.externaltools.gnu-tools-for-stm32.11.3.rel1.win32_1.1.0.202305231506/tools/bin/../lib/gcc/arm-none-eabi/11.3.1/thumb/v7e-m/nofp/crti.o
                0x0000000008006098                _fini
 .fini          0x000000000800609c        0x8 C:/ST/STM32CubeIDE_1.13.1/STM32CubeIDE/plugins/com.st.stm32cube.ide.mcu.externaltools.gnu-tools-for-stm32.11.3.rel1.win32_1.1.0.202305231506/tools/bin/../lib/gcc/arm-none-eabi/11.3.1/thumb/v7e-m/nofp/crtn.o
                0x00000000080060a4                . = ALIGN (0x4)
                0x00000000080060a4                _etext = .

.vfp11_veneer   0x00000000080060a4        0x0
 .vfp11_veneer  0x00000000080060a4        0x0 linker stubs

.v4_bx          0x00000000080060a4        0x0
 .v4_bx         0x00000000080060a4        0x0 linker stubs

.iplt           0x00000000080060a4        0x0
 .iplt          0x00000000080060a4        0x0 C:/ST/STM32CubeIDE_1.13.1/STM32CubeIDE/plugins/com.st.stm32cube.ide.mcu.externaltools.gnu-tools-for-stm32.11.3.rel1.win32_1.1.0.202305231506/tools/bin/../lib/gcc/arm-none-eabi/11.3.1/thumb/v7e-m/nofp/crtbegin.o

.rodata         0x00000000080060a4      0x22c
                0x00000000080060a4                . = ALIGN (0x4)
 *(.rodata)
 .rodata        0x00000000080060a4       0x1c ./Drivers/STM32WLxx_HAL_Driver/Src/stm32wlxx_hal_rcc.o
 .rodata        0x00000000080060c0       0x10 ./Middlewares/Third_Party/SubGHz_Phy/stm32_radio_driver/radio.o
 .rodata        0x00000000080060d0       0x11 ./Middlewares/Third_Party/SubGHz_Phy/stm32_radio_driver/radio_driver.o
 *(.rodata*)
 *fill*         0x00000000080060e1        0x3 
 .rodata.AHBPrescTable
                0x00000000080060e4       0x40 ./Core/Src/system_stm32wlxx.o
                0x00000000080060e4                AHBPrescTable
 .rodata.MSIRangeTable
                0x0000000008006124       0x40 ./Core/Src/system_stm32wlxx.o
                0x0000000008006124                MSIRangeTable
 .rodata.UTIL_TimerDriver
                0x0000000008006164       0x2c ./Core/Src/timer_if.o
                0x0000000008006164                UTIL_TimerDriver
 .rodata.Radio  0x0000000008006190       0x8c ./Middlewares/Third_Party/SubGHz_Phy/stm32_radio_driver/radio.o
                0x0000000008006190                Radio
 .rodata.Bandwidths
                0x000000000800621c        0x3 ./Middlewares/Third_Party/SubGHz_Phy/stm32_radio_driver/radio.o
                0x000000000800621c                Bandwidths
 *fill*         0x000000000800621f        0x1 
 .rodata.FskBandwidths
                0x0000000008006220       0xb0 ./Middlewares/Third_Party/SubGHz_Phy/stm32_radio_driver/radio_driver.o
                0x00000000080062d0                . = ALIGN (0x4)

.ARM.extab      0x00000000080062d0        0x0
                0x00000000080062d0                . = ALIGN (0x4)
 *(.ARM.extab* .gnu.linkonce.armextab.*)
                0x00000000080062d0                . = ALIGN (0x4)

.ARM            0x00000000080062d0        0x8
                0x00000000080062d0                . = ALIGN (0x4)
                0x00000000080062d0                __exidx_start = .
 *(.ARM.exidx*)
 .ARM.exidx     0x00000000080062d0        0x8 C:/ST/STM32CubeIDE_1.13.1/STM32CubeIDE/plugins/com.st.stm32cube.ide.mcu.externaltools.gnu-tools-for-stm32.11.3.rel1.win32_1.1.0.202305231506/tools/bin/../lib/gcc/arm-none-eabi/11.3.1/thumb/v7e-m/nofp\libgcc.a(_udivmoddi4.o)
                0x00000000080062d8                __exidx_end = .
                0x00000000080062d8                . = ALIGN (0x4)

.rel.dyn        0x00000000080062d8        0x0
 .rel.iplt      0x00000000080062d8        0x0 C:/ST/STM32CubeIDE_1.13.1/STM32CubeIDE/plugins/com.st.stm32cube.ide.mcu.externaltools.gnu-tools-for-stm32.11.3.rel1.win32_1.1.0.202305231506/tools/bin/../lib/gcc/arm-none-eabi/11.3.1/thumb/v7e-m/nofp/crtbegin.o

.preinit_array  0x00000000080062d8        0x0
                0x00000000080062d8                . = ALIGN (0x4)
                0x00000000080062d8                PROVIDE (__preinit_array_start = .)
 *(.preinit_array*)
                0x00000000080062d8                PROVIDE (__preinit_array_end = .)
                0x00000000080062d8                . = ALIGN (0x4)

.init_array     0x00000000080062d8        0x4
                0x00000000080062d8                . = ALIGN (0x4)
                0x00000000080062d8                PROVIDE (__init_array_start = .)
 *(SORT_BY_NAME(.init_array.*))
 *(.init_array*)
 .init_array    0x00000000080062d8        0x4 C:/ST/STM32CubeIDE_1.13.1/STM32CubeIDE/plugins/com.st.stm32cube.ide.mcu.externaltools.gnu-tools-for-stm32.11.3.rel1.win32_1.1.0.202305231506/tools/bin/../lib/gcc/arm-none-eabi/11.3.1/thumb/v7e-m/nofp/crtbegin.o
                0x00000000080062dc                PROVIDE (__init_array_end = .)
                0x00000000080062dc                . = ALIGN (0x4)

.fini_array     0x00000000080062dc        0x4
                0x00000000080062dc                . = ALIGN (0x4)
                [!provide]                        PROVIDE (__fini_array_start = .)
 *(SORT_BY_NAME(.fini_array.*))
 *(.fini_array*)
 .fini_array    0x00000000080062dc        0x4 C:/ST/STM32CubeIDE_1.13.1/STM32CubeIDE/plugins/com.st.stm32cube.ide.mcu.externaltools.gnu-tools-for-stm32.11.3.rel1.win32_1.1.0.202305231506/tools/bin/../lib/gcc/arm-none-eabi/11.3.1/thumb/v7e-m/nofp/crtbegin.o
                [!provide]                        PROVIDE (__fini_array_end = .)
                0x00000000080062e0                . = ALIGN (0x4)
                0x00000000080062e0                _sidata = LOADADDR (.data)

.data           0x0000000020000000        0xc load address 0x00000000080062e0
                0x0000000020000000                . = ALIGN (0x4)
                0x0000000020000000                _sdata = .
 *(.data)
 *(.data*)
 .data.SystemCoreClock
                0x0000000020000000        0x4 ./Core/Src/system_stm32wlxx.o
                0x0000000020000000                SystemCoreClock
 .data.uwTickPrio
                0x0000000020000004        0x4 ./Drivers/STM32WLxx_HAL_Driver/Src/stm32wlxx_hal.o
                0x0000000020000004                uwTickPrio
 .data.uwTickFreq
                0x0000000020000008        0x1 ./Drivers/STM32WLxx_HAL_Driver/Src/stm32wlxx_hal.o
                0x0000000020000008                uwTickFreq
 .data.MaxPayloadLength
                0x0000000020000009        0x1 ./Middlewares/Third_Party/SubGHz_Phy/stm32_radio_driver/radio.o
 *(.RamFunc)
 *(.RamFunc*)
                0x000000002000000c                . = ALIGN (0x4)
 *fill*         0x000000002000000a        0x2 
                0x000000002000000c                _edata = .

.igot.plt       0x000000002000000c        0x0 load address 0x00000000080062ec
 .igot.plt      0x000000002000000c        0x0 C:/ST/STM32CubeIDE_1.13.1/STM32CubeIDE/plugins/com.st.stm32cube.ide.mcu.externaltools.gnu-tools-for-stm32.11.3.rel1.win32_1.1.0.202305231506/tools/bin/../lib/gcc/arm-none-eabi/11.3.1/thumb/v7e-m/nofp/crtbegin.o
                0x000000002000000c                . = ALIGN (0x4)

.bss            0x000000002000000c      0x1f4 load address 0x00000000080062ec
                0x000000002000000c                _sbss = .
                0x000000002000000c                __bss_start__ = _sbss
 *(.bss)
 .bss           0x000000002000000c       0x1c C:/ST/STM32CubeIDE_1.13.1/STM32CubeIDE/plugins/com.st.stm32cube.ide.mcu.externaltools.gnu-tools-for-stm32.11.3.rel1.win32_1.1.0.202305231506/tools/bin/../lib/gcc/arm-none-eabi/11.3.1/thumb/v7e-m/nofp/crtbegin.o
 *(.bss*)
 .bss.hsubghz   0x0000000020000028        0xc ./Core/Src/main.o
                0x0000000020000028                hsubghz
 .bss.SYS_TimerInitialisedFlag
                0x0000000020000034        0x1 ./Core/Src/sys_app.o
 *fill*         0x0000000020000035        0x3 
 .bss.RtcTimerContext
                0x0000000020000038        0x4 ./Core/Src/timer_if.o
 .bss.uwTick    0x000000002000003c        0x4 ./Drivers/STM32WLxx_HAL_Driver/Src/stm32wlxx_hal.o
                0x000000002000003c                uwTick
 .bss.RadioBuffer
                0x0000000020000040       0xff ./Middlewares/Third_Party/SubGHz_Phy/stm32_radio_driver/radio.o
 *fill*         0x000000002000013f        0x1 
 .bss.RadioEvents
                0x0000000020000140        0x4 ./Middlewares/Third_Party/SubGHz_Phy/stm32_radio_driver/radio.o
 .bss.SubgRf    0x0000000020000144       0x5c ./Middlewares/Third_Party/SubGHz_Phy/stm32_radio_driver/radio.o
                0x0000000020000144                SubgRf
 .bss.TxTimeoutTimer
                0x00000000200001a0       0x18 ./Middlewares/Third_Party/SubGHz_Phy/stm32_radio_driver/radio.o
                0x00000000200001a0                TxTimeoutTimer
 .bss.RxTimeoutTimer
                0x00000000200001b8       0x18 ./Middlewares/Third_Party/SubGHz_Phy/stm32_radio_driver/radio.o
                0x00000000200001b8                RxTimeoutTimer
 .bss.OperatingMode
                0x00000000200001d0        0x1 ./Middlewares/Third_Party/SubGHz_Phy/stm32_radio_driver/radio_driver.o
 .bss.PacketType
                0x00000000200001d1        0x1 ./Middlewares/Third_Party/SubGHz_Phy/stm32_radio_driver/radio_driver.o
 .bss.LoRaHeaderType
                0x00000000200001d2        0x1 ./Middlewares/Third_Party/SubGHz_Phy/stm32_radio_driver/radio_driver.o
 *fill*         0x00000000200001d3        0x1 
 .bss.FrequencyError
                0x00000000200001d4        0x4 ./Middlewares/Third_Party/SubGHz_Phy/stm32_radio_driver/radio_driver.o
                0x00000000200001d4                FrequencyError
 .bss.ImageCalibrated
                0x00000000200001d8        0x1 ./Middlewares/Third_Party/SubGHz_Phy/stm32_radio_driver/radio_driver.o
 *fill*         0x00000000200001d9        0x3 
 .bss.RadioOnDioIrqCb
                0x00000000200001dc        0x4 ./Middlewares/Third_Party/SubGHz_Phy/stm32_radio_driver/radio_driver.o
 .bss.RadioEvents
                0x00000000200001e0       0x1c ./SubGHz_Phy/App/subghz_phy_app.o
 .bss.TimerListHead
                0x00000000200001fc        0x4 ./Utilities/timer/stm32_timer.o
 *(COMMON)
                0x0000000020000200                . = ALIGN (0x4)
                0x0000000020000200                _ebss = .
                0x0000000020000200                __bss_end__ = _ebss

._user_heap_stack
                0x0000000020000200      0x600 load address 0x00000000080062ec
                0x0000000020000200                . = ALIGN (0x8)
                [!provide]                        PROVIDE (end = .)
                0x0000000020000200                PROVIDE (_end = .)
                0x0000000020000400                . = (. + _Min_Heap_Size)
 *fill*         0x0000000020000200      0x200 
                0x0000000020000800                . = (. + _Min_Stack_Size)
 *fill*         0x0000000020000400      0x400 
                0x0000000020000800                . = ALIGN (0x8)

/DISCARD/
 libc.a(*)
 libm.a(*)
 libgcc.a(*)

.ARM.attributes
                0x0000000000000000       0x2a
 *(.ARM.attributes)
 .ARM.attributes
                0x0000000000000000       0x1e C:/ST/STM32CubeIDE_1.13.1/STM32CubeIDE/plugins/com.st.stm32cube.ide.mcu.externaltools.gnu-tools-for-stm32.11.3.rel1.win32_1.1.0.202305231506/tools/bin/../lib/gcc/arm-none-eabi/11.3.1/thumb/v7e-m/nofp/crti.o
 .ARM.attributes
                0x000000000000001e       0x2e C:/ST/STM32CubeIDE_1.13.1/STM32CubeIDE/plugins/com.st.stm32cube.ide.mcu.externaltools.gnu-tools-for-stm32.11.3.rel1.win32_1.1.0.202305231506/tools/bin/../lib/gcc/arm-none-eabi/11.3.1/thumb/v7e-m/nofp/crtbegin.o
 .ARM.attributes
                0x000000000000004c       0x2e ./Core/Src/main.o
 .ARM.attributes
                0x000000000000007a       0x2e ./Core/Src/stm32wlxx_hal_msp.o
 .ARM.attributes
                0x00000000000000a8       0x2e ./Core/Src/stm32wlxx_it.o
 .ARM.attributes
                0x00000000000000d6       0x2e ./Core/Src/sys_app.o
 .ARM.attributes
                0x0000000000000104       0x2e ./Core/Src/system_stm32wlxx.o
 .ARM.attributes
                0x0000000000000132       0x2e ./Core/Src/timer_if.o
 .ARM.attributes
                0x0000000000000160       0x21 ./Core/Startup/startup_stm32wle5cbux.o
 .ARM.attributes
                0x0000000000000181       0x2e ./Drivers/STM32WLxx_HAL_Driver/Src/stm32wlxx_hal.o
 .ARM.attributes
                0x00000000000001af       0x2e ./Drivers/STM32WLxx_HAL_Driver/Src/stm32wlxx_hal_cortex.o
 .ARM.attributes
                0x00000000000001dd       0x2e ./Drivers/STM32WLxx_HAL_Driver/Src/stm32wlxx_hal_gpio.o
 .ARM.attributes
                0x000000000000020b       0x2e ./Drivers/STM32WLxx_HAL_Driver/Src/stm32wlxx_hal_pwr.o
 .ARM.attributes
                0x0000000000000239       0x2e ./Drivers/STM32WLxx_HAL_Driver/Src/stm32wlxx_hal_pwr_ex.o
 .ARM.attributes
                0x0000000000000267       0x2e ./Drivers/STM32WLxx_HAL_Driver/Src/stm32wlxx_hal_rcc.o
 .ARM.attributes
                0x0000000000000295       0x2e ./Drivers/STM32WLxx_HAL_Driver/Src/stm32wlxx_hal_subghz.o
 .ARM.attributes
                0x00000000000002c3       0x2e ./Middlewares/Third_Party/SubGHz_Phy/stm32_radio_driver/radio.o
 .ARM.attributes
                0x00000000000002f1       0x2e ./Middlewares/Third_Party/SubGHz_Phy/stm32_radio_driver/radio_driver.o
 .ARM.attributes
                0x000000000000031f       0x2e ./Middlewares/Third_Party/SubGHz_Phy/stm32_radio_driver/radio_fw.o
 .ARM.attributes
                0x000000000000034d       0x2e ./SubGHz_Phy/App/app_subghz_phy.o
 .ARM.attributes
                0x000000000000037b       0x2e ./SubGHz_Phy/App/subghz_phy_app.o
 .ARM.attributes
                0x00000000000003a9       0x2e ./SubGHz_Phy/Target/radio_board_if.o
 .ARM.attributes
                0x00000000000003d7       0x2e ./Utilities/misc/stm32_mem.o
 .ARM.attributes
                0x0000000000000405       0x2e ./Utilities/timer/stm32_timer.o
 .ARM.attributes
                0x0000000000000433       0x2e C:/ST/STM32CubeIDE_1.13.1/STM32CubeIDE/plugins/com.st.stm32cube.ide.mcu.externaltools.gnu-tools-for-stm32.11.3.rel1.win32_1.1.0.202305231506/tools/bin/../lib/gcc/arm-none-eabi/11.3.1/../../../../arm-none-eabi/lib/thumb/v7e-m/nofp\libc_nano.a(libc_a-memset.o)
 .ARM.attributes
                0x0000000000000461       0x2e C:/ST/STM32CubeIDE_1.13.1/STM32CubeIDE/plugins/com.st.stm32cube.ide.mcu.externaltools.gnu-tools-for-stm32.11.3.rel1.win32_1.1.0.202305231506/tools/bin/../lib/gcc/arm-none-eabi/11.3.1/../../../../arm-none-eabi/lib/thumb/v7e-m/nofp\libc_nano.a(libc_a-init.o)
 .ARM.attributes
                0x000000000000048f       0x1e C:/ST/STM32CubeIDE_1.13.1/STM32CubeIDE/plugins/com.st.stm32cube.ide.mcu.externaltools.gnu-tools-for-stm32.11.3.rel1.win32_1.1.0.202305231506/tools/bin/../lib/gcc/arm-none-eabi/11.3.1/thumb/v7e-m/nofp\libgcc.a(_aeabi_uldivmod.o)
 .ARM.attributes
                0x00000000000004ad       0x2e C:/ST/STM32CubeIDE_1.13.1/STM32CubeIDE/plugins/com.st.stm32cube.ide.mcu.externaltools.gnu-tools-for-stm32.11.3.rel1.win32_1.1.0.202305231506/tools/bin/../lib/gcc/arm-none-eabi/11.3.1/thumb/v7e-m/nofp\libgcc.a(_udivmoddi4.o)
 .ARM.attributes
                0x00000000000004db       0x1e C:/ST/STM32CubeIDE_1.13.1/STM32CubeIDE/plugins/com.st.stm32cube.ide.mcu.externaltools.gnu-tools-for-stm32.11.3.rel1.win32_1.1.0.202305231506/tools/bin/../lib/gcc/arm-none-eabi/11.3.1/thumb/v7e-m/nofp\libgcc.a(_dvmd_tls.o)
 .ARM.attributes
                0x00000000000004f9       0x1e C:/ST/STM32CubeIDE_1.13.1/STM32CubeIDE/plugins/com.st.stm32cube.ide.mcu.externaltools.gnu-tools-for-stm32.11.3.rel1.win32_1.1.0.202305231506/tools/bin/../lib/gcc/arm-none-eabi/11.3.1/thumb/v7e-m/nofp/crtn.o
OUTPUT(apus_aprs.elf elf32-littlearm)
LOAD linker stubs
LOAD C:/ST/STM32CubeIDE_1.13.1/STM32CubeIDE/plugins/com.st.stm32cube.ide.mcu.externaltools.gnu-tools-for-stm32.11.3.rel1.win32_1.1.0.202305231506/tools/bin/../lib/gcc/arm-none-eabi/11.3.1/../../../../arm-none-eabi/lib/thumb/v7e-m/nofp\libc.a
LOAD C:/ST/STM32CubeIDE_1.13.1/STM32CubeIDE/plugins/com.st.stm32cube.ide.mcu.externaltools.gnu-tools-for-stm32.11.3.rel1.win32_1.1.0.202305231506/tools/bin/../lib/gcc/arm-none-eabi/11.3.1/../../../../arm-none-eabi/lib/thumb/v7e-m/nofp\libm.a
LOAD C:/ST/STM32CubeIDE_1.13.1/STM32CubeIDE/plugins/com.st.stm32cube.ide.mcu.externaltools.gnu-tools-for-stm32.11.3.rel1.win32_1.1.0.202305231506/tools/bin/../lib/gcc/arm-none-eabi/11.3.1/thumb/v7e-m/nofp\libgcc.a

.comment        0x0000000000000000       0x43
 .comment       0x0000000000000000       0x43 C:/ST/STM32CubeIDE_1.13.1/STM32CubeIDE/plugins/com.st.stm32cube.ide.mcu.externaltools.gnu-tools-for-stm32.11.3.rel1.win32_1.1.0.202305231506/tools/bin/../lib/gcc/arm-none-eabi/11.3.1/thumb/v7e-m/nofp/crtbegin.o
                                         0x44 (size before relaxing)
 .comment       0x0000000000000043       0x44 ./Core/Src/main.o
 .comment       0x0000000000000043       0x44 ./Core/Src/stm32wlxx_hal_msp.o
 .comment       0x0000000000000043       0x44 ./Core/Src/stm32wlxx_it.o
 .comment       0x0000000000000043       0x44 ./Core/Src/sys_app.o
 .comment       0x0000000000000043       0x44 ./Core/Src/system_stm32wlxx.o
 .comment       0x0000000000000043       0x44 ./Core/Src/timer_if.o
 .comment       0x0000000000000043       0x44 ./Drivers/STM32WLxx_HAL_Driver/Src/stm32wlxx_hal.o
 .comment       0x0000000000000043       0x44 ./Drivers/STM32WLxx_HAL_Driver/Src/stm32wlxx_hal_cortex.o
 .comment       0x0000000000000043       0x44 ./Drivers/STM32WLxx_HAL_Driver/Src/stm32wlxx_hal_gpio.o
 .comment       0x0000000000000043       0x44 ./Drivers/STM32WLxx_HAL_Driver/Src/stm32wlxx_hal_pwr.o
 .comment       0x0000000000000043       0x44 ./Drivers/STM32WLxx_HAL_Driver/Src/stm32wlxx_hal_pwr_ex.o
 .comment       0x0000000000000043       0x44 ./Drivers/STM32WLxx_HAL_Driver/Src/stm32wlxx_hal_rcc.o
 .comment       0x0000000000000043       0x44 ./Drivers/STM32WLxx_HAL_Driver/Src/stm32wlxx_hal_subghz.o
 .comment       0x0000000000000043       0x44 ./Middlewares/Third_Party/SubGHz_Phy/stm32_radio_driver/radio.o
 .comment       0x0000000000000043       0x44 ./Middlewares/Third_Party/SubGHz_Phy/stm32_radio_driver/radio_driver.o
 .comment       0x0000000000000043       0x44 ./Middlewares/Third_Party/SubGHz_Phy/stm32_radio_driver/radio_fw.o
 .comment       0x0000000000000043       0x44 ./SubGHz_Phy/App/app_subghz_phy.o
 .comment       0x0000000000000043       0x44 ./SubGHz_Phy/App/subghz_phy_app.o
 .comment       0x0000000000000043       0x44 ./SubGHz_Phy/Target/radio_board_if.o
 .comment       0x0000000000000043       0x44 ./Utilities/misc/stm32_mem.o
 .comment       0x0000000000000043       0x44 ./Utilities/timer/stm32_timer.o

.debug_info     0x0000000000000000     0xeefb
 .debug_info    0x0000000000000000      0xa68 ./Core/Src/main.o
 .debug_info    0x0000000000000a68      0x48a ./Core/Src/stm32wlxx_hal_msp.o
 .debug_info    0x0000000000000ef2      0x157 ./Core/Src/stm32wlxx_it.o
 .debug_info    0x0000000000001049      0x172 ./Core/Src/sys_app.o
 .debug_info    0x00000000000011bb      0x413 ./Core/Src/system_stm32wlxx.o
 .debug_info    0x00000000000015ce      0x51a ./Core/Src/timer_if.o
 .debug_info    0x0000000000001ae8       0x23 ./Core/Startup/startup_stm32wle5cbux.o
 .debug_info    0x0000000000001b0b      0xe92 ./Drivers/STM32WLxx_HAL_Driver/Src/stm32wlxx_hal.o
 .debug_info    0x000000000000299d      0xd27 ./Drivers/STM32WLxx_HAL_Driver/Src/stm32wlxx_hal_cortex.o
 .debug_info    0x00000000000036c4      0x65c ./Drivers/STM32WLxx_HAL_Driver/Src/stm32wlxx_hal_gpio.o
 .debug_info    0x0000000000003d20      0x857 ./Drivers/STM32WLxx_HAL_Driver/Src/stm32wlxx_hal_pwr.o
 .debug_info    0x0000000000004577      0xcc6 ./Drivers/STM32WLxx_HAL_Driver/Src/stm32wlxx_hal_pwr_ex.o
 .debug_info    0x000000000000523d     0x11ca ./Drivers/STM32WLxx_HAL_Driver/Src/stm32wlxx_hal_rcc.o
 .debug_info    0x0000000000006407     0x1204 ./Drivers/STM32WLxx_HAL_Driver/Src/stm32wlxx_hal_subghz.o
 .debug_info    0x000000000000760b     0x2bf8 ./Middlewares/Third_Party/SubGHz_Phy/stm32_radio_driver/radio.o
 .debug_info    0x000000000000a203     0x2272 ./Middlewares/Third_Party/SubGHz_Phy/stm32_radio_driver/radio_driver.o
 .debug_info    0x000000000000c475      0xc40 ./Middlewares/Third_Party/SubGHz_Phy/stm32_radio_driver/radio_fw.o
 .debug_info    0x000000000000d0b5       0xa3 ./SubGHz_Phy/App/app_subghz_phy.o
 .debug_info    0x000000000000d158     0x1122 ./SubGHz_Phy/App/subghz_phy_app.o
 .debug_info    0x000000000000e27a      0x258 ./SubGHz_Phy/Target/radio_board_if.o
 .debug_info    0x000000000000e4d2      0x1bd ./Utilities/misc/stm32_mem.o
 .debug_info    0x000000000000e68f      0x86c ./Utilities/timer/stm32_timer.o

.debug_abbrev   0x0000000000000000     0x2c11
 .debug_abbrev  0x0000000000000000      0x29c ./Core/Src/main.o
 .debug_abbrev  0x000000000000029c      0x1a6 ./Core/Src/stm32wlxx_hal_msp.o
 .debug_abbrev  0x0000000000000442       0xac ./Core/Src/stm32wlxx_it.o
 .debug_abbrev  0x00000000000004ee      0x110 ./Core/Src/sys_app.o
 .debug_abbrev  0x00000000000005fe      0x13d ./Core/Src/system_stm32wlxx.o
 .debug_abbrev  0x000000000000073b      0x179 ./Core/Src/timer_if.o
 .debug_abbrev  0x00000000000008b4       0x12 ./Core/Startup/startup_stm32wle5cbux.o
 .debug_abbrev  0x00000000000008c6      0x31a ./Drivers/STM32WLxx_HAL_Driver/Src/stm32wlxx_hal.o
 .debug_abbrev  0x0000000000000be0      0x2e8 ./Drivers/STM32WLxx_HAL_Driver/Src/stm32wlxx_hal_cortex.o
 .debug_abbrev  0x0000000000000ec8      0x1e7 ./Drivers/STM32WLxx_HAL_Driver/Src/stm32wlxx_hal_gpio.o
 .debug_abbrev  0x00000000000010af      0x209 ./Drivers/STM32WLxx_HAL_Driver/Src/stm32wlxx_hal_pwr.o
 .debug_abbrev  0x00000000000012b8      0x2d3 ./Drivers/STM32WLxx_HAL_Driver/Src/stm32wlxx_hal_pwr_ex.o
 .debug_abbrev  0x000000000000158b      0x32c ./Drivers/STM32WLxx_HAL_Driver/Src/stm32wlxx_hal_rcc.o
 .debug_abbrev  0x00000000000018b7      0x298 ./Drivers/STM32WLxx_HAL_Driver/Src/stm32wlxx_hal_subghz.o
 .debug_abbrev  0x0000000000001b4f      0x3c3 ./Middlewares/Third_Party/SubGHz_Phy/stm32_radio_driver/radio.o
 .debug_abbrev  0x0000000000001f12      0x412 ./Middlewares/Third_Party/SubGHz_Phy/stm32_radio_driver/radio_driver.o
 .debug_abbrev  0x0000000000002324      0x207 ./Middlewares/Third_Party/SubGHz_Phy/stm32_radio_driver/radio_fw.o
 .debug_abbrev  0x000000000000252b       0x72 ./SubGHz_Phy/App/app_subghz_phy.o
 .debug_abbrev  0x000000000000259d      0x1fc ./SubGHz_Phy/App/subghz_phy_app.o
 .debug_abbrev  0x0000000000002799       0xe2 ./SubGHz_Phy/Target/radio_board_if.o
 .debug_abbrev  0x000000000000287b       0xbd ./Utilities/misc/stm32_mem.o
 .debug_abbrev  0x0000000000002938      0x2d9 ./Utilities/timer/stm32_timer.o

.debug_aranges  0x0000000000000000     0x1170
 .debug_aranges
                0x0000000000000000       0x58 ./Core/Src/main.o
 .debug_aranges
                0x0000000000000058       0x40 ./Core/Src/stm32wlxx_hal_msp.o
 .debug_aranges
                0x0000000000000098       0x60 ./Core/Src/stm32wlxx_it.o
 .debug_aranges
                0x00000000000000f8       0x30 ./Core/Src/sys_app.o
 .debug_aranges
                0x0000000000000128       0x28 ./Core/Src/system_stm32wlxx.o
 .debug_aranges
                0x0000000000000150       0x98 ./Core/Src/timer_if.o
 .debug_aranges
                0x00000000000001e8       0x28 ./Core/Startup/startup_stm32wle5cbux.o
 .debug_aranges
                0x0000000000000210      0x210 ./Drivers/STM32WLxx_HAL_Driver/Src/stm32wlxx_hal.o
 .debug_aranges
                0x0000000000000420      0x128 ./Drivers/STM32WLxx_HAL_Driver/Src/stm32wlxx_hal_cortex.o
 .debug_aranges
                0x0000000000000548       0x60 ./Drivers/STM32WLxx_HAL_Driver/Src/stm32wlxx_hal_gpio.o
 .debug_aranges
                0x00000000000005a8       0xc8 ./Drivers/STM32WLxx_HAL_Driver/Src/stm32wlxx_hal_pwr.o
 .debug_aranges
                0x0000000000000670      0x1d0 ./Drivers/STM32WLxx_HAL_Driver/Src/stm32wlxx_hal_pwr_ex.o
 .debug_aranges
                0x0000000000000840      0x210 ./Drivers/STM32WLxx_HAL_Driver/Src/stm32wlxx_hal_rcc.o
 .debug_aranges
                0x0000000000000a50      0x168 ./Drivers/STM32WLxx_HAL_Driver/Src/stm32wlxx_hal_subghz.o
 .debug_aranges
                0x0000000000000bb8      0x168 ./Middlewares/Third_Party/SubGHz_Phy/stm32_radio_driver/radio.o
 .debug_aranges
                0x0000000000000d20      0x240 ./Middlewares/Third_Party/SubGHz_Phy/stm32_radio_driver/radio_driver.o
 .debug_aranges
                0x0000000000000f60       0x78 ./Middlewares/Third_Party/SubGHz_Phy/stm32_radio_driver/radio_fw.o
 .debug_aranges
                0x0000000000000fd8       0x28 ./SubGHz_Phy/App/app_subghz_phy.o
 .debug_aranges
                0x0000000000001000       0x48 ./SubGHz_Phy/App/subghz_phy_app.o
 .debug_aranges
                0x0000000000001048       0x50 ./SubGHz_Phy/Target/radio_board_if.o
 .debug_aranges
                0x0000000000001098       0x30 ./Utilities/misc/stm32_mem.o
 .debug_aranges
                0x00000000000010c8       0xa8 ./Utilities/timer/stm32_timer.o

.debug_rnglists
                0x0000000000000000      0xce9
 .debug_rnglists
                0x0000000000000000       0x3e ./Core/Src/main.o
 .debug_rnglists
                0x000000000000003e       0x2b ./Core/Src/stm32wlxx_hal_msp.o
 .debug_rnglists
                0x0000000000000069       0x43 ./Core/Src/stm32wlxx_it.o
 .debug_rnglists
                0x00000000000000ac       0x1f ./Core/Src/sys_app.o
 .debug_rnglists
                0x00000000000000cb       0x1a ./Core/Src/system_stm32wlxx.o
 .debug_rnglists
                0x00000000000000e5       0x6d ./Core/Src/timer_if.o
 .debug_rnglists
                0x0000000000000152       0x19 ./Core/Startup/startup_stm32wle5cbux.o
 .debug_rnglists
                0x000000000000016b      0x187 ./Drivers/STM32WLxx_HAL_Driver/Src/stm32wlxx_hal.o
 .debug_rnglists
                0x00000000000002f2       0xd9 ./Drivers/STM32WLxx_HAL_Driver/Src/stm32wlxx_hal_cortex.o
 .debug_rnglists
                0x00000000000003cb       0x45 ./Drivers/STM32WLxx_HAL_Driver/Src/stm32wlxx_hal_gpio.o
 .debug_rnglists
                0x0000000000000410       0x91 ./Drivers/STM32WLxx_HAL_Driver/Src/stm32wlxx_hal_pwr.o
 .debug_rnglists
                0x00000000000004a1      0x15c ./Drivers/STM32WLxx_HAL_Driver/Src/stm32wlxx_hal_pwr_ex.o
 .debug_rnglists
                0x00000000000005fd      0x18d ./Drivers/STM32WLxx_HAL_Driver/Src/stm32wlxx_hal_rcc.o
 .debug_rnglists
                0x000000000000078a      0x114 ./Drivers/STM32WLxx_HAL_Driver/Src/stm32wlxx_hal_subghz.o
 .debug_rnglists
                0x000000000000089e      0x124 ./Middlewares/Third_Party/SubGHz_Phy/stm32_radio_driver/radio.o
 .debug_rnglists
                0x00000000000009c2      0x1b6 ./Middlewares/Third_Party/SubGHz_Phy/stm32_radio_driver/radio_driver.o
 .debug_rnglists
                0x0000000000000b78       0x55 ./Middlewares/Third_Party/SubGHz_Phy/stm32_radio_driver/radio_fw.o
 .debug_rnglists
                0x0000000000000bcd       0x19 ./SubGHz_Phy/App/app_subghz_phy.o
 .debug_rnglists
                0x0000000000000be6       0x31 ./SubGHz_Phy/App/subghz_phy_app.o
 .debug_rnglists
                0x0000000000000c17       0x37 ./SubGHz_Phy/Target/radio_board_if.o
 .debug_rnglists
                0x0000000000000c4e       0x1f ./Utilities/misc/stm32_mem.o
 .debug_rnglists
                0x0000000000000c6d       0x7c ./Utilities/timer/stm32_timer.o

.debug_macro    0x0000000000000000    0x1ad63
 .debug_macro   0x0000000000000000      0x223 ./Core/Src/main.o
 .debug_macro   0x0000000000000223      0xaa2 ./Core/Src/main.o
 .debug_macro   0x0000000000000cc5      0x11e ./Core/Src/main.o
 .debug_macro   0x0000000000000de3       0x2e ./Core/Src/main.o
 .debug_macro   0x0000000000000e11       0x34 ./Core/Src/main.o
 .debug_macro   0x0000000000000e45       0x22 ./Core/Src/main.o
 .debug_macro   0x0000000000000e67       0x8e ./Core/Src/main.o
 .debug_macro   0x0000000000000ef5       0x51 ./Core/Src/main.o
 .debug_macro   0x0000000000000f46      0x103 ./Core/Src/main.o
 .debug_macro   0x0000000000001049       0x6a ./Core/Src/main.o
 .debug_macro   0x00000000000010b3      0x1df ./Core/Src/main.o
 .debug_macro   0x0000000000001292       0x1c ./Core/Src/main.o
 .debug_macro   0x00000000000012ae       0x22 ./Core/Src/main.o
 .debug_macro   0x00000000000012d0       0xfb ./Core/Src/main.o
 .debug_macro   0x00000000000013cb     0x1011 ./Core/Src/main.o
 .debug_macro   0x00000000000023dc      0x11f ./Core/Src/main.o
 .debug_macro   0x00000000000024fb     0xce53 ./Core/Src/main.o
 .debug_macro   0x000000000000f34e       0x6d ./Core/Src/main.o
 .debug_macro   0x000000000000f3bb     0x341d ./Core/Src/main.o
 .debug_macro   0x00000000000127d8      0x174 ./Core/Src/main.o
 .debug_macro   0x000000000001294c       0x5c ./Core/Src/main.o
 .debug_macro   0x00000000000129a8      0x416 ./Core/Src/main.o
 .debug_macro   0x0000000000012dbe      0x280 ./Core/Src/main.o
 .debug_macro   0x000000000001303e      0x330 ./Core/Src/main.o
 .debug_macro   0x000000000001336e      0x196 ./Core/Src/main.o
 .debug_macro   0x0000000000013504       0x43 ./Core/Src/main.o
 .debug_macro   0x0000000000013547      0x236 ./Core/Src/main.o
 .debug_macro   0x000000000001377d      0x22a ./Core/Src/main.o
 .debug_macro   0x00000000000139a7      0x352 ./Core/Src/main.o
 .debug_macro   0x0000000000013cf9       0x2e ./Core/Src/main.o
 .debug_macro   0x0000000000013d27       0xc1 ./Core/Src/main.o
 .debug_macro   0x0000000000013de8      0x1ba ./Core/Src/main.o
 .debug_macro   0x0000000000013fa2       0xe6 ./Core/Src/main.o
 .debug_macro   0x0000000000014088      0x25f ./Core/Src/main.o
 .debug_macro   0x00000000000142e7      0x133 ./Core/Src/main.o
 .debug_macro   0x000000000001441a      0x33e ./Core/Src/main.o
 .debug_macro   0x0000000000014758      0x67c ./Core/Src/main.o
 .debug_macro   0x0000000000014dd4      0x113 ./Core/Src/main.o
 .debug_macro   0x0000000000014ee7      0xf9f ./Core/Src/main.o
 .debug_macro   0x0000000000015e86      0x115 ./Core/Src/main.o
 .debug_macro   0x0000000000015f9b      0x2db ./Core/Src/main.o
 .debug_macro   0x0000000000016276      0x288 ./Core/Src/main.o
 .debug_macro   0x00000000000164fe       0xd6 ./Core/Src/main.o
 .debug_macro   0x00000000000165d4      0x269 ./Core/Src/main.o
 .debug_macro   0x000000000001683d      0x293 ./Core/Src/main.o
 .debug_macro   0x0000000000016ad0       0x10 ./Core/Src/main.o
 .debug_macro   0x0000000000016ae0      0x219 ./Core/Src/stm32wlxx_hal_msp.o
 .debug_macro   0x0000000000016cf9      0x223 ./Core/Src/stm32wlxx_it.o
 .debug_macro   0x0000000000016f1c      0x457 ./Core/Src/sys_app.o
 .debug_macro   0x0000000000017373       0x5b ./Core/Src/sys_app.o
 .debug_macro   0x00000000000173ce       0x94 ./Core/Src/sys_app.o
 .debug_macro   0x0000000000017462       0x16 ./Core/Src/sys_app.o
 .debug_macro   0x0000000000017478       0x57 ./Core/Src/sys_app.o
 .debug_macro   0x00000000000174cf       0x97 ./Core/Src/sys_app.o
 .debug_macro   0x0000000000017566       0xfd ./Core/Src/sys_app.o
 .debug_macro   0x0000000000017663       0x10 ./Core/Src/sys_app.o
 .debug_macro   0x0000000000017673       0x16 ./Core/Src/sys_app.o
 .debug_macro   0x0000000000017689       0x16 ./Core/Src/sys_app.o
 .debug_macro   0x000000000001769f      0x147 ./Core/Src/sys_app.o
 .debug_macro   0x00000000000177e6       0x22 ./Core/Src/sys_app.o
 .debug_macro   0x0000000000017808       0x56 ./Core/Src/sys_app.o
 .debug_macro   0x000000000001785e       0x16 ./Core/Src/sys_app.o
 .debug_macro   0x0000000000017874      0x14a ./Core/Src/sys_app.o
 .debug_macro   0x00000000000179be       0x16 ./Core/Src/sys_app.o
 .debug_macro   0x00000000000179d4       0x16 ./Core/Src/sys_app.o
 .debug_macro   0x00000000000179ea       0x10 ./Core/Src/sys_app.o
 .debug_macro   0x00000000000179fa       0x10 ./Core/Src/sys_app.o
 .debug_macro   0x0000000000017a0a       0x10 ./Core/Src/sys_app.o
 .debug_macro   0x0000000000017a1a       0x1c ./Core/Src/sys_app.o
 .debug_macro   0x0000000000017a36       0x52 ./Core/Src/sys_app.o
 .debug_macro   0x0000000000017a88       0x22 ./Core/Src/sys_app.o
 .debug_macro   0x0000000000017aaa       0x10 ./Core/Src/sys_app.o
 .debug_macro   0x0000000000017aba       0x52 ./Core/Src/sys_app.o
 .debug_macro   0x0000000000017b0c       0xc1 ./Core/Src/sys_app.o
 .debug_macro   0x0000000000017bcd       0x1c ./Core/Src/sys_app.o
 .debug_macro   0x0000000000017be9       0x3d ./Core/Src/sys_app.o
 .debug_macro   0x0000000000017c26       0x35 ./Core/Src/sys_app.o
 .debug_macro   0x0000000000017c5b       0xa6 ./Core/Src/sys_app.o
 .debug_macro   0x0000000000017d01       0x4c ./Core/Src/sys_app.o
 .debug_macro   0x0000000000017d4d       0x16 ./Core/Src/sys_app.o
 .debug_macro   0x0000000000017d63      0x20a ./Core/Src/system_stm32wlxx.o
 .debug_macro   0x0000000000017f6d      0x26e ./Core/Src/timer_if.o
 .debug_macro   0x00000000000181db      0x19b ./Core/Src/timer_if.o
 .debug_macro   0x0000000000018376      0x22e ./Drivers/STM32WLxx_HAL_Driver/Src/stm32wlxx_hal.o
 .debug_macro   0x00000000000185a4      0x20a ./Drivers/STM32WLxx_HAL_Driver/Src/stm32wlxx_hal_cortex.o
 .debug_macro   0x00000000000187ae      0x210 ./Drivers/STM32WLxx_HAL_Driver/Src/stm32wlxx_hal_gpio.o
 .debug_macro   0x00000000000189be      0x258 ./Drivers/STM32WLxx_HAL_Driver/Src/stm32wlxx_hal_pwr.o
 .debug_macro   0x0000000000018c16      0x21c ./Drivers/STM32WLxx_HAL_Driver/Src/stm32wlxx_hal_pwr_ex.o
 .debug_macro   0x0000000000018e32      0x26a ./Drivers/STM32WLxx_HAL_Driver/Src/stm32wlxx_hal_rcc.o
 .debug_macro   0x000000000001909c      0x23c ./Drivers/STM32WLxx_HAL_Driver/Src/stm32wlxx_hal_subghz.o
 .debug_macro   0x00000000000192d8      0x45b ./Middlewares/Third_Party/SubGHz_Phy/stm32_radio_driver/radio.o
 .debug_macro   0x0000000000019733       0x16 ./Middlewares/Third_Party/SubGHz_Phy/stm32_radio_driver/radio.o
 .debug_macro   0x0000000000019749       0x2e ./Middlewares/Third_Party/SubGHz_Phy/stm32_radio_driver/radio.o
 .debug_macro   0x0000000000019777       0x54 ./Middlewares/Third_Party/SubGHz_Phy/stm32_radio_driver/radio.o
 .debug_macro   0x00000000000197cb      0x28c ./Middlewares/Third_Party/SubGHz_Phy/stm32_radio_driver/radio.o
 .debug_macro   0x0000000000019a57       0x22 ./Middlewares/Third_Party/SubGHz_Phy/stm32_radio_driver/radio.o
 .debug_macro   0x0000000000019a79       0x3a ./Middlewares/Third_Party/SubGHz_Phy/stm32_radio_driver/radio.o
 .debug_macro   0x0000000000019ab3      0x380 ./Middlewares/Third_Party/SubGHz_Phy/stm32_radio_driver/radio_driver.o
 .debug_macro   0x0000000000019e33      0x3f8 ./Middlewares/Third_Party/SubGHz_Phy/stm32_radio_driver/radio_fw.o
 .debug_macro   0x000000000001a22b      0x292 ./Middlewares/Third_Party/SubGHz_Phy/stm32_radio_driver/radio_fw.o
 .debug_macro   0x000000000001a4bd       0x86 ./SubGHz_Phy/App/app_subghz_phy.o
 .debug_macro   0x000000000001a543       0x10 ./SubGHz_Phy/App/app_subghz_phy.o
 .debug_macro   0x000000000001a553      0x269 ./SubGHz_Phy/App/subghz_phy_app.o
 .debug_macro   0x000000000001a7bc      0x23e ./SubGHz_Phy/Target/radio_board_if.o
 .debug_macro   0x000000000001a9fa       0x28 ./SubGHz_Phy/Target/radio_board_if.o
 .debug_macro   0x000000000001aa22      0x18c ./Utilities/misc/stm32_mem.o
 .debug_macro   0x000000000001abae      0x1b5 ./Utilities/timer/stm32_timer.o

.debug_line     0x0000000000000000    0x10571
 .debug_line    0x0000000000000000      0x8ff ./Core/Src/main.o
 .debug_line    0x00000000000008ff      0x819 ./Core/Src/stm32wlxx_hal_msp.o
 .debug_line    0x0000000000001118      0x870 ./Core/Src/stm32wlxx_it.o
 .debug_line    0x0000000000001988      0xaea ./Core/Src/sys_app.o
 .debug_line    0x0000000000002472      0x841 ./Core/Src/system_stm32wlxx.o
 .debug_line    0x0000000000002cb3      0x8ac ./Core/Src/timer_if.o
 .debug_line    0x000000000000355f       0x7b ./Core/Startup/startup_stm32wle5cbux.o
 .debug_line    0x00000000000035da      0xea6 ./Drivers/STM32WLxx_HAL_Driver/Src/stm32wlxx_hal.o
 .debug_line    0x0000000000004480      0xd6f ./Drivers/STM32WLxx_HAL_Driver/Src/stm32wlxx_hal_cortex.o
 .debug_line    0x00000000000051ef      0xbb6 ./Drivers/STM32WLxx_HAL_Driver/Src/stm32wlxx_hal_gpio.o
 .debug_line    0x0000000000005da5      0xa40 ./Drivers/STM32WLxx_HAL_Driver/Src/stm32wlxx_hal_pwr.o
 .debug_line    0x00000000000067e5      0xe80 ./Drivers/STM32WLxx_HAL_Driver/Src/stm32wlxx_hal_pwr_ex.o
 .debug_line    0x0000000000007665     0x16c2 ./Drivers/STM32WLxx_HAL_Driver/Src/stm32wlxx_hal_rcc.o
 .debug_line    0x0000000000008d27     0x10c7 ./Drivers/STM32WLxx_HAL_Driver/Src/stm32wlxx_hal_subghz.o
 .debug_line    0x0000000000009dee     0x1b76 ./Middlewares/Third_Party/SubGHz_Phy/stm32_radio_driver/radio.o
 .debug_line    0x000000000000b964     0x1898 ./Middlewares/Third_Party/SubGHz_Phy/stm32_radio_driver/radio_driver.o
 .debug_line    0x000000000000d1fc      0xbc0 ./Middlewares/Third_Party/SubGHz_Phy/stm32_radio_driver/radio_fw.o
 .debug_line    0x000000000000ddbc      0x46e ./SubGHz_Phy/App/app_subghz_phy.o
 .debug_line    0x000000000000e22a      0x8d8 ./SubGHz_Phy/App/subghz_phy_app.o
 .debug_line    0x000000000000eb02      0x8b2 ./SubGHz_Phy/Target/radio_board_if.o
 .debug_line    0x000000000000f3b4      0x692 ./Utilities/misc/stm32_mem.o
 .debug_line    0x000000000000fa46      0xb2b ./Utilities/timer/stm32_timer.o

.debug_str      0x0000000000000000    0x9fbaa
 .debug_str     0x0000000000000000    0x92af5 ./Core/Src/main.o
                                      0x93081 (size before relaxing)
 .debug_str     0x0000000000092af5       0x87 ./Core/Src/stm32wlxx_hal_msp.o
                                      0x92d48 (size before relaxing)
 .debug_str     0x0000000000092b7c       0xc9 ./Core/Src/stm32wlxx_it.o
                                      0x92b09 (size before relaxing)
 .debug_str     0x0000000000092c45     0x5489 ./Core/Src/sys_app.o
                                      0x97f28 (size before relaxing)
 .debug_str     0x00000000000980ce       0x9e ./Core/Src/system_stm32wlxx.o
                                      0x92c15 (size before relaxing)
 .debug_str     0x000000000009816c      0xae6 ./Core/Src/timer_if.o
                                       0x9ada (size before relaxing)
 .debug_str     0x0000000000098c52       0x34 ./Core/Startup/startup_stm32wle5cbux.o
                                         0x55 (size before relaxing)
 .debug_str     0x0000000000098c86      0xbd5 ./Drivers/STM32WLxx_HAL_Driver/Src/stm32wlxx_hal.o
                                      0x938c7 (size before relaxing)
 .debug_str     0x000000000009985b      0x3cb ./Drivers/STM32WLxx_HAL_Driver/Src/stm32wlxx_hal_cortex.o
                                      0x933bd (size before relaxing)
 .debug_str     0x0000000000099c26      0x162 ./Drivers/STM32WLxx_HAL_Driver/Src/stm32wlxx_hal_gpio.o
                                      0x92cfb (size before relaxing)